Component: Arm Compiler for Embedded 6.18 Tool: armlink [5e4cc100]

==============================================================================

Section Cross References

    gd32h7xx_it.o(.ARM.exidx.text.NMI_Handler) refers to gd32h7xx_it.o(.text.NMI_Handler) for [Anonymous Symbol]
    gd32h7xx_it.o(.ARM.exidx.text.HardFault_Handler) refers to gd32h7xx_it.o(.text.HardFault_Handler) for [Anonymous Symbol]
    gd32h7xx_it.o(.ARM.exidx.text.MemManage_Handler) refers to gd32h7xx_it.o(.text.MemManage_Handler) for [Anonymous Symbol]
    gd32h7xx_it.o(.ARM.exidx.text.BusFault_Handler) refers to gd32h7xx_it.o(.text.BusFault_Handler) for [Anonymous Symbol]
    gd32h7xx_it.o(.ARM.exidx.text.UsageFault_Handler) refers to gd32h7xx_it.o(.text.UsageFault_Handler) for [Anonymous Symbol]
    gd32h7xx_it.o(.ARM.exidx.text.DebugMon_Handler) refers to gd32h7xx_it.o(.text.DebugMon_Handler) for [Anonymous Symbol]
    gd32h7xx_it.o(.ARM.exidx.text.SVC_Handler) refers to gd32h7xx_it.o(.text.SVC_Handler) for [Anonymous Symbol]
    gd32h7xx_it.o(.ARM.exidx.text.PendSV_Handler) refers to gd32h7xx_it.o(.text.PendSV_Handler) for [Anonymous Symbol]
    gd32h7xx_it.o(.text.SysTick_Handler) refers to systick.o(.text.delay_decrement) for delay_decrement
    gd32h7xx_it.o(.ARM.exidx.text.SysTick_Handler) refers to gd32h7xx_it.o(.text.SysTick_Handler) for [Anonymous Symbol]
    systick.o(.text.systick_config) refers to system_gd32h7xx.o(.data.SystemCoreClock) for SystemCoreClock
    systick.o(.text.systick_config) refers to systick.o(.text.SysTick_Config) for SysTick_Config
    systick.o(.text.systick_config) refers to systick.o(.text.__NVIC_SetPriority) for __NVIC_SetPriority
    systick.o(.ARM.exidx.text.systick_config) refers to systick.o(.text.systick_config) for [Anonymous Symbol]
    systick.o(.text.SysTick_Config) refers to systick.o(.text.__NVIC_SetPriority) for __NVIC_SetPriority
    systick.o(.ARM.exidx.text.SysTick_Config) refers to systick.o(.text.SysTick_Config) for [Anonymous Symbol]
    systick.o(.ARM.exidx.text.__NVIC_SetPriority) refers to systick.o(.text.__NVIC_SetPriority) for [Anonymous Symbol]
    systick.o(.text.delay_1ms) refers to systick.o(.bss.delay) for delay
    systick.o(.ARM.exidx.text.delay_1ms) refers to systick.o(.text.delay_1ms) for [Anonymous Symbol]
    systick.o(.text.delay_decrement) refers to systick.o(.bss.sysTick_IRQn_cnt) for sysTick_IRQn_cnt
    systick.o(.text.delay_decrement) refers to gd32h7xx_gpio.o(.text.gpio_bit_set) for gpio_bit_set
    systick.o(.text.delay_decrement) refers to gd32h7xx_gpio.o(.text.gpio_bit_reset) for gpio_bit_reset
    systick.o(.text.delay_decrement) refers to systick.o(.bss.delay) for delay
    systick.o(.ARM.exidx.text.delay_decrement) refers to systick.o(.text.delay_decrement) for [Anonymous Symbol]
    system_gd32h7xx.o(.text.SystemInit) refers to system_gd32h7xx.o(.text.system_clock_config) for system_clock_config
    system_gd32h7xx.o(.text.SystemInit) refers to gd32h7xx_misc.o(.text.nvic_vector_table_set) for nvic_vector_table_set
    system_gd32h7xx.o(.ARM.exidx.text.SystemInit) refers to system_gd32h7xx.o(.text.SystemInit) for [Anonymous Symbol]
    system_gd32h7xx.o(.text.system_clock_config) refers to system_gd32h7xx.o(.text.system_clock_600m_hxtal) for system_clock_600m_hxtal
    system_gd32h7xx.o(.ARM.exidx.text.system_clock_config) refers to system_gd32h7xx.o(.text.system_clock_config) for [Anonymous Symbol]
    system_gd32h7xx.o(.text.SystemCoreClockUpdate) refers to system_gd32h7xx.o(.data.SystemCoreClock) for SystemCoreClock
    system_gd32h7xx.o(.ARM.exidx.text.SystemCoreClockUpdate) refers to system_gd32h7xx.o(.text.SystemCoreClockUpdate) for [Anonymous Symbol]
    system_gd32h7xx.o(.ARM.exidx.text.system_clock_600m_hxtal) refers to system_gd32h7xx.o(.text.system_clock_600m_hxtal) for [Anonymous Symbol]
    gd32h7xx_adc.o(.text.adc_deinit) refers to gd32h7xx_rcu.o(.text.rcu_periph_reset_enable) for rcu_periph_reset_enable
    gd32h7xx_adc.o(.text.adc_deinit) refers to gd32h7xx_rcu.o(.text.rcu_periph_reset_disable) for rcu_periph_reset_disable
    gd32h7xx_adc.o(.ARM.exidx.text.adc_deinit) refers to gd32h7xx_adc.o(.text.adc_deinit) for [Anonymous Symbol]
    gd32h7xx_adc.o(.ARM.exidx.text.adc_clock_config) refers to gd32h7xx_adc.o(.text.adc_clock_config) for [Anonymous Symbol]
    gd32h7xx_adc.o(.ARM.exidx.text.adc_special_function_config) refers to gd32h7xx_adc.o(.text.adc_special_function_config) for [Anonymous Symbol]
    gd32h7xx_adc.o(.ARM.exidx.text.adc_data_alignment_config) refers to gd32h7xx_adc.o(.text.adc_data_alignment_config) for [Anonymous Symbol]
    gd32h7xx_adc.o(.ARM.exidx.text.adc_enable) refers to gd32h7xx_adc.o(.text.adc_enable) for [Anonymous Symbol]
    gd32h7xx_adc.o(.ARM.exidx.text.adc_disable) refers to gd32h7xx_adc.o(.text.adc_disable) for [Anonymous Symbol]
[...]
    Removing gd32h7xx_usart.o(.text.usart_synchronous_clock_config), (76 bytes).
    Removing gd32h7xx_usart.o(.ARM.exidx.text.usart_synchronous_clock_config), (8 bytes).
    Removing gd32h7xx_usart.o(.text.usart_guard_time_config), (44 bytes).
    Removing gd32h7xx_usart.o(.ARM.exidx.text.usart_guard_time_config), (8 bytes).
    Removing gd32h7xx_usart.o(.text.usart_smartcard_mode_enable), (28 bytes).
    Removing gd32h7xx_usart.o(.ARM.exidx.text.usart_smartcard_mode_enable), (8 bytes).
    Removing gd32h7xx_usart.o(.text.usart_smartcard_mode_disable), (28 bytes).
    Removing gd32h7xx_usart.o(.ARM.exidx.text.usart_smartcard_mode_disable), (8 bytes).
    Removing gd32h7xx_usart.o(.text.usart_smartcard_mode_nack_enable), (28 bytes).
    Removing gd32h7xx_usart.o(.ARM.exidx.text.usart_smartcard_mode_nack_enable), (8 bytes).
    Removing gd32h7xx_usart.o(.text.usart_smartcard_mode_nack_disable), (28 bytes).
    Removing gd32h7xx_usart.o(.ARM.exidx.text.usart_smartcard_mode_nack_disable), (8 bytes).
    Removing gd32h7xx_usart.o(.text.usart_smartcard_mode_early_nack_enable), (22 bytes).
    Removing gd32h7xx_usart.o(.ARM.exidx.text.usart_smartcard_mode_early_nack_enable), (8 bytes).
    Removing gd32h7xx_usart.o(.text.usart_smartcard_mode_early_nack_disable), (22 bytes).
    Removing gd32h7xx_usart.o(.ARM.exidx.text.usart_smartcard_mode_early_nack_disable), (8 bytes).
    Removing gd32h7xx_usart.o(.text.usart_smartcard_autoretry_config), (46 bytes).
    Removing gd32h7xx_usart.o(.ARM.exidx.text.usart_smartcard_autoretry_config), (8 bytes).
    Removing gd32h7xx_usart.o(.text.usart_block_length_config), (32 bytes).
    Removing gd32h7xx_usart.o(.ARM.exidx.text.usart_block_length_config), (8 bytes).
    Removing gd32h7xx_usart.o(.text.usart_irda_mode_enable), (28 bytes).
    Removing gd32h7xx_usart.o(.ARM.exidx.text.usart_irda_mode_enable), (8 bytes).
    Removing gd32h7xx_usart.o(.text.usart_irda_mode_disable), (28 bytes).
    Removing gd32h7xx_usart.o(.ARM.exidx.text.usart_irda_mode_disable), (8 bytes).
    Removing gd32h7xx_usart.o(.text.usart_prescaler_config), (40 bytes).
    Removing gd32h7xx_usart.o(.ARM.exidx.text.usart_prescaler_config), (8 bytes).
    Removing gd32h7xx_usart.o(.text.usart_irda_lowpower_config), (44 bytes).
    Removing gd32h7xx_usart.o(.ARM.exidx.text.usart_irda_lowpower_config), (8 bytes).
    Removing gd32h7xx_usart.o(.text.usart_hardware_flow_rts_config), (40 bytes).
    Removing gd32h7xx_usart.o(.ARM.exidx.text.usart_hardware_flow_rts_config), (8 bytes).
    Removing gd32h7xx_usart.o(.text.usart_hardware_flow_cts_config), (40 bytes).
    Removing gd32h7xx_usart.o(.ARM.exidx.text.usart_hardware_flow_cts_config), (8 bytes).
    Removing gd32h7xx_usart.o(.text.usart_hardware_flow_coherence_config), (42 bytes).
    Removing gd32h7xx_usart.o(.ARM.exidx.text.usart_hardware_flow_coherence_config), (8 bytes).
    Removing gd32h7xx_usart.o(.text.usart_rs485_driver_enable), (28 bytes).
    Removing gd32h7xx_usart.o(.ARM.exidx.text.usart_rs485_driver_enable), (8 bytes).
    Removing gd32h7xx_usart.o(.text.usart_rs485_driver_disable), (28 bytes).
    Removing gd32h7xx_usart.o(.ARM.exidx.text.usart_rs485_driver_disable), (8 bytes).
    Removing gd32h7xx_usart.o(.text.usart_driver_assertime_config), (46 bytes).
    Removing gd32h7xx_usart.o(.ARM.exidx.text.usart_driver_assertime_config), (8 bytes).
    Removing gd32h7xx_usart.o(.text.usart_driver_deassertime_config), (46 bytes).
    Removing gd32h7xx_usart.o(.ARM.exidx.text.usart_driver_deassertime_config), (8 bytes).
    Removing gd32h7xx_usart.o(.text.usart_depolarity_config), (44 bytes).
    Removing gd32h7xx_usart.o(.ARM.exidx.text.usart_depolarity_config), (8 bytes).
    Removing gd32h7xx_usart.o(.text.usart_dma_receive_config), (42 bytes).
    Removing gd32h7xx_usart.o(.ARM.exidx.text.usart_dma_receive_config), (8 bytes).
    Removing gd32h7xx_usart.o(.text.usart_dma_transmit_config), (42 bytes).
    Removing gd32h7xx_usart.o(.ARM.exidx.text.usart_dma_transmit_config), (8 bytes).
    Removing gd32h7xx_usart.o(.text.usart_reception_error_dma_disable), (28 bytes).
    Removing gd32h7xx_usart.o(.ARM.exidx.text.usart_reception_error_dma_disable), (8 bytes).
    Removing gd32h7xx_usart.o(.text.usart_reception_error_dma_enable), (28 bytes).
    Removing gd32h7xx_usart.o(.ARM.exidx.text.usart_reception_error_dma_enable), (8 bytes).
    Removing gd32h7xx_usart.o(.text.usart_wakeup_enable), (18 bytes).
    Removing gd32h7xx_usart.o(.ARM.exidx.text.usart_wakeup_enable), (8 bytes).
    Removing gd32h7xx_usart.o(.text.usart_wakeup_disable), (18 bytes).
    Removing gd32h7xx_usart.o(.ARM.exidx.text.usart_wakeup_disable), (8 bytes).
    Removing gd32h7xx_usart.o(.text.usart_wakeup_mode_config), (44 bytes).
    Removing gd32h7xx_usart.o(.ARM.exidx.text.usart_wakeup_mode_config), (8 bytes).
    Removing gd32h7xx_usart.o(.text.usart_fifo_enable), (22 bytes).
    Removing gd32h7xx_usart.o(.ARM.exidx.text.usart_fifo_enable), (8 bytes).
    Removing gd32h7xx_usart.o(.text.usart_fifo_disable), (22 bytes).
    Removing gd32h7xx_usart.o(.ARM.exidx.text.usart_fifo_disable), (8 bytes).
    Removing gd32h7xx_usart.o(.text.usart_transmit_fifo_threshold_config), (38 bytes).
    Removing gd32h7xx_usart.o(.ARM.exidx.text.usart_transmit_fifo_threshold_config), (8 bytes).
    Removing gd32h7xx_usart.o(.text.usart_receive_fifo_threshold_config), (38 bytes).
    Removing gd32h7xx_usart.o(.ARM.exidx.text.usart_receive_fifo_threshold_config), (8 bytes).
    Removing gd32h7xx_usart.o(.text.usart_receive_fifo_counter_number), (52 bytes).
    Removing gd32h7xx_usart.o(.ARM.exidx.text.usart_receive_fifo_counter_number), (8 bytes).
    Removing gd32h7xx_usart.o(.ARM.exidx.text.usart_flag_get), (8 bytes).
    Removing gd32h7xx_usart.o(.text.usart_flag_clear), (126 bytes).
    Removing gd32h7xx_usart.o(.ARM.exidx.text.usart_flag_clear), (8 bytes).
    Removing gd32h7xx_usart.o(.text.usart_interrupt_enable), (36 bytes).
    Removing gd32h7xx_usart.o(.ARM.exidx.text.usart_interrupt_enable), (8 bytes).
    Removing gd32h7xx_usart.o(.text.usart_interrupt_disable), (36 bytes).
    Removing gd32h7xx_usart.o(.ARM.exidx.text.usart_interrupt_disable), (8 bytes).
    Removing gd32h7xx_usart.o(.text.usart_interrupt_flag_get), (94 bytes).
    Removing gd32h7xx_usart.o(.ARM.exidx.text.usart_interrupt_flag_get), (8 bytes).
    Removing gd32h7xx_usart.o(.text.usart_interrupt_flag_clear), (98 bytes).
    Removing gd32h7xx_usart.o(.ARM.exidx.text.usart_interrupt_flag_clear), (8 bytes).
    Removing gd32h7xx_vref.o(.text), (0 bytes).
    Removing gd32h7xx_vref.o(.text.vref_deinit), (24 bytes).
    Removing gd32h7xx_vref.o(.ARM.exidx.text.vref_deinit), (8 bytes).
    Removing gd32h7xx_vref.o(.text.vref_enable), (18 bytes).
    Removing gd32h7xx_vref.o(.ARM.exidx.text.vref_enable), (8 bytes).
    Removing gd32h7xx_vref.o(.text.vref_disable), (18 bytes).
    Removing gd32h7xx_vref.o(.ARM.exidx.text.vref_disable), (8 bytes).
    Removing gd32h7xx_vref.o(.text.vref_high_impedance_mode_enable), (18 bytes).
    Removing gd32h7xx_vref.o(.ARM.exidx.text.vref_high_impedance_mode_enable), (8 bytes).
    Removing gd32h7xx_vref.o(.text.vref_high_impedance_mode_disable), (18 bytes).
    Removing gd32h7xx_vref.o(.ARM.exidx.text.vref_high_impedance_mode_disable), (8 bytes).
    Removing gd32h7xx_vref.o(.text.vref_status_get), (44 bytes).
    Removing gd32h7xx_vref.o(.ARM.exidx.text.vref_status_get), (8 bytes).
    Removing gd32h7xx_vref.o(.text.vref_voltage_select), (40 bytes).
    Removing gd32h7xx_vref.o(.ARM.exidx.text.vref_voltage_select), (8 bytes).
    Removing gd32h7xx_vref.o(.text.vref_calib_value_set), (28 bytes).
    Removing gd32h7xx_vref.o(.ARM.exidx.text.vref_calib_value_set), (8 bytes).
    Removing gd32h7xx_vref.o(.text.vref_calib_value_get), (24 bytes).
    Removing gd32h7xx_vref.o(.ARM.exidx.text.vref_calib_value_get), (8 bytes).
    Removing gd32h7xx_wwdgt.o(.text), (0 bytes).
    Removing gd32h7xx_wwdgt.o(.text.wwdgt_deinit), (24 bytes).
    Removing gd32h7xx_wwdgt.o(.ARM.exidx.text.wwdgt_deinit), (8 bytes).
    Removing gd32h7xx_wwdgt.o(.text.wwdgt_enable), (18 bytes).
    Removing gd32h7xx_wwdgt.o(.ARM.exidx.text.wwdgt_enable), (8 bytes).
    Removing gd32h7xx_wwdgt.o(.text.wwdgt_counter_update), (28 bytes).
    Removing gd32h7xx_wwdgt.o(.ARM.exidx.text.wwdgt_counter_update), (8 bytes).
    Removing gd32h7xx_wwdgt.o(.text.wwdgt_config), (56 bytes).
    Removing gd32h7xx_wwdgt.o(.ARM.exidx.text.wwdgt_config), (8 bytes).
    Removing gd32h7xx_wwdgt.o(.text.wwdgt_interrupt_enable), (18 bytes).
    Removing gd32h7xx_wwdgt.o(.ARM.exidx.text.wwdgt_interrupt_enable), (8 bytes).
    Removing gd32h7xx_wwdgt.o(.text.wwdgt_flag_get), (42 bytes).
    Removing gd32h7xx_wwdgt.o(.ARM.exidx.text.wwdgt_flag_get), (8 bytes).
    Removing gd32h7xx_wwdgt.o(.text.wwdgt_flag_clear), (14 bytes).
    Removing gd32h7xx_wwdgt.o(.ARM.exidx.text.wwdgt_flag_clear), (8 bytes).
    Removing startup_gd32h7xx.o(HEAP), (2048 bytes).
    Removing gd32h759i_eval.o(.text), (0 bytes).
    Removing gd32h759i_eval.o(.text.gd_eval_led_init), (118 bytes).
    Removing gd32h759i_eval.o(.ARM.exidx.text.gd_eval_led_init), (8 bytes).
    Removing gd32h759i_eval.o(.text.gd_eval_led_on), (40 bytes).
    Removing gd32h759i_eval.o(.ARM.exidx.text.gd_eval_led_on), (8 bytes).
    Removing gd32h759i_eval.o(.text.gd_eval_led_off), (40 bytes).
    Removing gd32h759i_eval.o(.ARM.exidx.text.gd_eval_led_off), (8 bytes).
    Removing gd32h759i_eval.o(.text.gd_eval_led_toggle), (40 bytes).
    Removing gd32h759i_eval.o(.ARM.exidx.text.gd_eval_led_toggle), (8 bytes).
    Removing gd32h759i_eval.o(.text.gd_eval_key_init), (184 bytes).
    Removing gd32h759i_eval.o(.ARM.exidx.text.gd_eval_key_init), (8 bytes).
    Removing gd32h759i_eval.o(.text.gd_eval_key_state_get), (44 bytes).
    Removing gd32h759i_eval.o(.ARM.exidx.text.gd_eval_key_state_get), (8 bytes).
    Removing gd32h759i_eval.o(.text.gd_eval_com_init), (218 bytes).
    Removing gd32h759i_eval.o(.ARM.exidx.text.gd_eval_com_init), (8 bytes).
    Removing gd32h759i_eval.o(.rodata.GPIO_CLK), (4 bytes).
    Removing gd32h759i_eval.o(.rodata.GPIO_PORT), (8 bytes).
    Removing gd32h759i_eval.o(.rodata.GPIO_PIN), (8 bytes).
    Removing gd32h759i_eval.o(.rodata.KEY_CLK), (6 bytes).
    Removing gd32h759i_eval.o(.rodata.KEY_PORT), (12 bytes).
    Removing gd32h759i_eval.o(.rodata.KEY_PIN), (12 bytes).
    Removing gd32h759i_eval.o(.rodata.KEY_IRQn), (3 bytes).
    Removing gd32h759i_eval.o(.rodata.KEY_PORT_SOURCE), (3 bytes).
    Removing gd32h759i_eval.o(.rodata.KEY_PIN_SOURCE), (3 bytes).
    Removing gd32h759i_eval.o(.rodata.KEY_EXTI_LINE), (6 bytes).
    Removing gd32h759i_eval.o(.rodata.COM_CLK), (2 bytes).
    Removing gd32h759i_eval.o(.rodata.COM_TX_PIN), (4 bytes).
    Removing gd32h759i_eval.o(.rodata.COM_RX_PIN), (4 bytes).
    Removing main.o(.text), (0 bytes).
    Removing main.o(.ARM.exidx.text.main), (8 bytes).
    Removing main.o(.ARM.use_no_argv), (4 bytes).
    Removing config.o(.text), (0 bytes).
    Removing config.o(.ARM.exidx.text.sys_init), (8 bytes).
    Removing config.o(.ARM.exidx.text.cache_enable), (8 bytes).
    Removing user_canfd.o(.text), (0 bytes).
    Removing user_canfd.o(.ARM.exidx.text.canfd_gpio_config), (8 bytes).
    Removing user_canfd.o(.ARM.exidx.text.canfd_config), (8 bytes).
    Removing user_canfd.o(.ARM.exidx.text.canfd_mailbox_config), (8 bytes).
    Removing user_canfd.o(.ARM.exidx.text.canfd_err_interuput_enble), (8 bytes).
    Removing user_canfd.o(.ARM.exidx.text.canfd_init), (8 bytes).
    Removing user_canfd.o(.ARM.exidx.text.CAN1_Message_IRQHandler), (8 bytes).
    Removing user_canfd.o(.ARM.exidx.text.CAN1_Error_IRQHandler), (8 bytes).
    Removing usart_debug.o(.text), (0 bytes).
    Removing usart_debug.o(.ARM.exidx.text.usart_debug_init), (8 bytes).
    Removing usart_debug.o(.ARM.exidx.text.usart_send_byte), (8 bytes).
    Removing usart_debug.o(.ARM.exidx.text.usart_send_string), (8 bytes).
    Removing usart_debug.o(.text.usart_send_int), (152 bytes).
    Removing usart_debug.o(.ARM.exidx.text.usart_send_int), (8 bytes).
    Removing usart_debug.o(.text.usart_send_uint), (118 bytes).
    Removing usart_debug.o(.ARM.exidx.text.usart_send_uint), (8 bytes).
    Removing usart_debug.o(.text.usart_send_hex), (120 bytes).
    Removing usart_debug.o(.ARM.exidx.text.usart_send_hex), (8 bytes).
    Removing usart_debug.o(.ARM.exidx.text.usart_print), (8 bytes).
    Removing usart_debug.o(.rodata.str1.1), (17 bytes).

3212 unused section(s) (total 120864 bytes) removed from the image.

==============================================================================

Image Symbol Table

    Local Symbols

    Symbol Name                              Value     Ov Type        Size  Object(Section)

    ../clib/division.s                       0x00000000   Number         0  aeabi_sdiv.o ABSOLUTE
    ../clib/microlib/division.c              0x00000000   Number         0  uidiv.o ABSOLUTE
    ../clib/microlib/division.c              0x00000000   Number         0  uldiv.o ABSOLUTE
    ../clib/microlib/init/entry.s            0x00000000   Number         0  entry.o ABSOLUTE
    ../clib/microlib/init/entry.s            0x00000000   Number         0  entry2.o ABSOLUTE
    ../clib/microlib/init/entry.s            0x00000000   Number         0  entry5.o ABSOLUTE
    ../clib/microlib/init/entry.s            0x00000000   Number         0  entry7a.o ABSOLUTE
    ../clib/microlib/init/entry.s            0x00000000   Number         0  entry7b.o ABSOLUTE
    ../clib/microlib/init/entry.s            0x00000000   Number         0  entry8a.o ABSOLUTE
    ../clib/microlib/init/entry.s            0x00000000   Number         0  entry8b.o ABSOLUTE
    ../clib/microlib/init/entry.s            0x00000000   Number         0  entry9a.o ABSOLUTE
    ../clib/microlib/init/entry.s            0x00000000   Number         0  entry9b.o ABSOLUTE
    ../clib/microlib/init/entry.s            0x00000000   Number         0  entry10a.o ABSOLUTE
    ../clib/microlib/init/entry.s            0x00000000   Number         0  entry10b.o ABSOLUTE
    ../clib/microlib/init/entry.s            0x00000000   Number         0  entry11a.o ABSOLUTE
    ../clib/microlib/init/entry.s            0x00000000   Number         0  entry11b.o ABSOLUTE
    ../clib/microlib/longlong.c              0x00000000   Number         0  llshl.o ABSOLUTE
    ../clib/microlib/longlong.c              0x00000000   Number         0  llushr.o ABSOLUTE
    ../clib/microlib/longlong.c              0x00000000   Number         0  llsshr.o ABSOLUTE
    ../clib/microlib/printf/printf.c         0x00000000   Number         0  printfa.o ABSOLUTE
    ../clib/microlib/stdio/fputc.c           0x00000000   Number         0  fputc.o ABSOLUTE
    ../clib/microlib/stdio/fputc.c           0x00000000   Number         0  fputc_h.o ABSOLUTE
    ../clib/microlib/stdio/semi.s            0x00000000   Number         0  semi.o ABSOLUTE
    ../clib/microlib/stdio/streams.c         0x00000000   Number         0  stdout.o ABSOLUTE
    ../clib/microlib/string/memcpy.c         0x00000000   Number         0  memcpya.o ABSOLUTE
    ../clib/microlib/string/memcpy.c         0x00000000   Number         0  memcpyb.o ABSOLUTE
    ../clib/microlib/stubs.s                 0x00000000   Number         0  iusefp.o ABSOLUTE
    ../clib/microlib/stubs.s                 0x00000000   Number         0  iusesemip.o ABSOLUTE
    ../fplib/microlib/fpadd.c                0x00000000   Number         0  dadd.o ABSOLUTE
    ../fplib/microlib/fpdiv.c                0x00000000   Number         0  ddiv.o ABSOLUTE
    ../fplib/microlib/fpepilogue.c           0x00000000   Number         0  depilogue.o ABSOLUTE
    ../fplib/microlib/fpfix.c                0x00000000   Number         0  dfixul.o ABSOLUTE
    ../fplib/microlib/fpmul.c                0x00000000   Number         0  dmul.o ABSOLUTE
    Firmware\CMSIS\GD\GD32H7xx\Source\ARM\startup_gd32h7xx.s 0x00000000   Number         0  startup_gd32h7xx.o ABSOLUTE
    cdrcmple.s                               0x00000000   Number         0  cdrcmple.o ABSOLUTE
    config.c                                 0x00000000   Number         0  config.o ABSOLUTE
    dc.s                                     0x00000000   Number         0  dc.o ABSOLUTE
    gd32h759i_eval.c                         0x00000000   Number         0  gd32h759i_eval.o ABSOLUTE
    gd32h7xx_adc.c                           0x00000000   Number         0  gd32h7xx_adc.o ABSOLUTE
    gd32h7xx_can.c                           0x00000000   Number         0  gd32h7xx_can.o ABSOLUTE
    gd32h7xx_cau.c                           0x00000000   Number         0  gd32h7xx_cau.o ABSOLUTE
    gd32h7xx_cau_aes.c                       0x00000000   Number         0  gd32h7xx_cau_aes.o ABSOLUTE
    gd32h7xx_cau_des.c                       0x00000000   Number         0  gd32h7xx_cau_des.o ABSOLUTE
    gd32h7xx_cau_tdes.c                      0x00000000   Number         0  gd32h7xx_cau_tdes.o ABSOLUTE
    gd32h7xx_cmp.c                           0x00000000   Number         0  gd32h7xx_cmp.o ABSOLUTE
    gd32h7xx_cpdm.c                          0x00000000   Number         0  gd32h7xx_cpdm.o ABSOLUTE
    gd32h7xx_crc.c                           0x00000000   Number         0  gd32h7xx_crc.o ABSOLUTE
    gd32h7xx_ctc.c                           0x00000000   Number         0  gd32h7xx_ctc.o ABSOLUTE
    gd32h7xx_dac.c                           0x00000000   Number         0  gd32h7xx_dac.o ABSOLUTE
    gd32h7xx_dbg.c                           0x00000000   Number         0  gd32h7xx_dbg.o ABSOLUTE
    gd32h7xx_dci.c                           0x00000000   Number         0  gd32h7xx_dci.o ABSOLUTE
    gd32h7xx_dma.c                           0x00000000   Number         0  gd32h7xx_dma.o ABSOLUTE
    gd32h7xx_edout.c                         0x00000000   Number         0  gd32h7xx_edout.o ABSOLUTE
    gd32h7xx_efuse.c                         0x00000000   Number         0  gd32h7xx_efuse.o ABSOLUTE
    gd32h7xx_exmc.c                          0x00000000   Number         0  gd32h7xx_exmc.o ABSOLUTE
    gd32h7xx_exti.c                          0x00000000   Number         0  gd32h7xx_exti.o ABSOLUTE
    gd32h7xx_fac.c                           0x00000000   Number         0  gd32h7xx_fac.o ABSOLUTE
    gd32h7xx_fmc.c                           0x00000000   Number         0  gd32h7xx_fmc.o ABSOLUTE
    gd32h7xx_fwdgt.c                         0x00000000   Number         0  gd32h7xx_fwdgt.o ABSOLUTE
    gd32h7xx_gpio.c                          0x00000000   Number         0  gd32h7xx_gpio.o ABSOLUTE
    gd32h7xx_hau.c                           0x00000000   Number         0  gd32h7xx_hau.o ABSOLUTE
    gd32h7xx_hau_sha_md5.c                   0x00000000   Number         0  gd32h7xx_hau_sha_md5.o ABSOLUTE
    gd32h7xx_hpdf.c                          0x00000000   Number         0  gd32h7xx_hpdf.o ABSOLUTE
    gd32h7xx_hwsem.c                         0x00000000   Number         0  gd32h7xx_hwsem.o ABSOLUTE
    gd32h7xx_i2c.c                           0x00000000   Number         0  gd32h7xx_i2c.o ABSOLUTE
    gd32h7xx_ipa.c                           0x00000000   Number         0  gd32h7xx_ipa.o ABSOLUTE
    gd32h7xx_it.c                            0x00000000   Number         0  gd32h7xx_it.o ABSOLUTE
    gd32h7xx_lpdts.c                         0x00000000   Number         0  gd32h7xx_lpdts.o ABSOLUTE
    gd32h7xx_mdio.c                          0x00000000   Number         0  gd32h7xx_mdio.o ABSOLUTE
    gd32h7xx_mdma.c                          0x00000000   Number         0  gd32h7xx_mdma.o ABSOLUTE
    gd32h7xx_misc.c                          0x00000000   Number         0  gd32h7xx_misc.o ABSOLUTE
    gd32h7xx_ospi.c                          0x00000000   Number         0  gd32h7xx_ospi.o ABSOLUTE
    gd32h7xx_ospim.c                         0x00000000   Number         0  gd32h7xx_ospim.o ABSOLUTE
    gd32h7xx_pmu.c                           0x00000000   Number         0  gd32h7xx_pmu.o ABSOLUTE
    gd32h7xx_rameccmu.c                      0x00000000   Number         0  gd32h7xx_rameccmu.o ABSOLUTE
    gd32h7xx_rcu.c                           0x00000000   Number         0  gd32h7xx_rcu.o ABSOLUTE
    gd32h7xx_rspdif.c                        0x00000000   Number         0  gd32h7xx_rspdif.o ABSOLUTE
    gd32h7xx_rtc.c                           0x00000000   Number         0  gd32h7xx_rtc.o ABSOLUTE
    gd32h7xx_rtdec.c                         0x00000000   Number         0  gd32h7xx_rtdec.o ABSOLUTE
    gd32h7xx_sai.c                           0x00000000   Number         0  gd32h7xx_sai.o ABSOLUTE
    gd32h7xx_sdio.c                          0x00000000   Number         0  gd32h7xx_sdio.o ABSOLUTE
    gd32h7xx_spi.c                           0x00000000   Number         0  gd32h7xx_spi.o ABSOLUTE
    gd32h7xx_syscfg.c                        0x00000000   Number         0  gd32h7xx_syscfg.o ABSOLUTE
    gd32h7xx_timer.c                         0x00000000   Number         0  gd32h7xx_timer.o ABSOLUTE
    gd32h7xx_tli.c                           0x00000000   Number         0  gd32h7xx_tli.o ABSOLUTE
    gd32h7xx_tmu.c                           0x00000000   Number         0  gd32h7xx_tmu.o ABSOLUTE
    gd32h7xx_trigsel.c                       0x00000000   Number         0  gd32h7xx_trigsel.o ABSOLUTE
    gd32h7xx_trng.c                          0x00000000   Number         0  gd32h7xx_trng.o ABSOLUTE
    gd32h7xx_usart.c                         0x00000000   Number         0  gd32h7xx_usart.o ABSOLUTE
    gd32h7xx_vref.c                          0x00000000   Number         0  gd32h7xx_vref.o ABSOLUTE
    gd32h7xx_wwdgt.c                         0x00000000   Number         0  gd32h7xx_wwdgt.o ABSOLUTE
    handlers.s                               0x00000000   Number         0  handlers.o ABSOLUTE
    init.s                                   0x00000000   Number         0  init.o ABSOLUTE
    main.c                                   0x00000000   Number         0  main.o ABSOLUTE
    system_gd32h7xx.c                        0x00000000   Number         0  system_gd32h7xx.o ABSOLUTE
    systick.c                                0x00000000   Number         0  systick.o ABSOLUTE
    usart_debug.c                            0x00000000   Number         0  usart_debug.o ABSOLUTE
    user_canfd.c                             0x00000000   Number         0  user_canfd.o ABSOLUTE
    RESET                                    0x08008000   Section      932  startup_gd32h7xx.o(RESET)
    .ARM.Collect$$$$00000000                 0x080083a4   Section        0  entry.o(.ARM.Collect$$$$00000000)
    .ARM.Collect$$$$00000001                 0x080083a4   Section        4  entry2.o(.ARM.Collect$$$$00000001)
    .ARM.Collect$$$$00000004                 0x080083a8   Section        4  entry5.o(.ARM.Collect$$$$00000004)
    .ARM.Collect$$$$00000008                 0x080083ac   Section        0  entry7b.o(.ARM.Collect$$$$00000008)
    .ARM.Collect$$$$0000000A                 0x080083ac   Section        0  entry8b.o(.ARM.Collect$$$$0000000A)
    .ARM.Collect$$$$0000000B                 0x080083ac   Section        8  entry9a.o(.ARM.Collect$$$$0000000B)
    __lit__00000000                          0x080083b4   Data           4  entry2.o(.ARM.Collect$$$$00002712)
    .ARM.Collect$$$$0000000D                 0x080083b4   Section        0  entry10a.o(.ARM.Collect$$$$0000000D)
    .ARM.Collect$$$$0000000F                 0x080083b4   Section        0  entry11a.o(.ARM.Collect$$$$0000000F)
    .ARM.Collect$$$$00002712                 0x080083b4   Section        4  entry2.o(.ARM.Collect$$$$00002712)
    $v0                                      0x080083b8   Number         0  startup_gd32h7xx.o(.text)
    .text                                    0x080083b8   Section       60  startup_gd32h7xx.o(.text)
    .text                                    0x080083f4   Section        0  uidiv.o(.text)
    .text                                    0x08008420   Section        0  uldiv.o(.text)
    .text                                    0x08008482   Section        0  iusefp.o(.text)
    .text                                    0x08008482   Section        0  dadd.o(.text)
    .text                                    0x080085d0   Section        0  dmul.o(.text)
    .text                                    0x080086b4   Section        0  ddiv.o(.text)
    .text                                    0x08008792   Section        0  dfixul.o(.text)
    .text                                    0x080087c4   Section       48  cdrcmple.o(.text)
    .text                                    0x080087f4   Section       36  init.o(.text)
    .text                                    0x08008818   Section        0  llshl.o(.text)
    .text                                    0x08008836   Section        0  llushr.o(.text)
    .text                                    0x08008856   Section        0  llsshr.o(.text)
    .text                                    0x0800887a   Section        0  depilogue.o(.text)
    [Anonymous Symbol]                       0x08008938   Section        0  gd32h7xx_it.o(.text.BusFault_Handler)
    [Anonymous Symbol]                       0x08008940   Section        0  user_canfd.o(.text.CAN1_Error_IRQHandler)
    [Anonymous Symbol]                       0x08008bb0   Section        0  user_canfd.o(.text.CAN1_Message_IRQHandler)
    [Anonymous Symbol]                       0x08008cb0   Section        0  gd32h7xx_it.o(.text.DebugMon_Handler)
    [Anonymous Symbol]                       0x08008cb8   Section        0  gd32h7xx_it.o(.text.HardFault_Handler)
    [Anonymous Symbol]                       0x08008cc0   Section        0  gd32h7xx_it.o(.text.MemManage_Handler)
    [Anonymous Symbol]                       0x08008cc8   Section        0  gd32h7xx_it.o(.text.NMI_Handler)
    [Anonymous Symbol]                       0x08008cd0   Section        0  gd32h7xx_it.o(.text.PendSV_Handler)
    [Anonymous Symbol]                       0x08008cd8   Section        0  gd32h7xx_it.o(.text.SVC_Handler)
    SysTick_Config                           0x08008ce1   Thumb Code    82  systick.o(.text.SysTick_Config)
    [Anonymous Symbol]                       0x08008ce0   Section        0  systick.o(.text.SysTick_Config)
    [Anonymous Symbol]                       0x08008d38   Section        0  gd32h7xx_it.o(.text.SysTick_Handler)
    [Anonymous Symbol]                       0x08008d40   Section        0  system_gd32h7xx.o(.text.SystemInit)
    [Anonymous Symbol]                       0x08008ef0   Section        0  gd32h7xx_it.o(.text.UsageFault_Handler)
    __NVIC_SetPriority                       0x08008ef9   Thumb Code    66  systick.o(.text.__NVIC_SetPriority)
    [Anonymous Symbol]                       0x08008ef8   Section        0  systick.o(.text.__NVIC_SetPriority)
    [Anonymous Symbol]                       0x08008f40   Section        0  config.o(.text.cache_enable)
    [Anonymous Symbol]                       0x08009020   Section        0  gd32h7xx_can.o(.text.can_auto_busoff_recovery_enable)
    can_data_to_big_endian_swap              0x08009039   Thumb Code   142  gd32h7xx_can.o(.text.can_data_to_big_endian_swap)
    [Anonymous Symbol]                       0x08009038   Section        0  gd32h7xx_can.o(.text.can_data_to_big_endian_swap)
    can_data_to_little_endian_swap           0x080090c9   Thumb Code   138  gd32h7xx_can.o(.text.can_data_to_little_endian_swap)
    [Anonymous Symbol]                       0x080090c8   Section        0  gd32h7xx_can.o(.text.can_data_to_little_endian_swap)
    [Anonymous Symbol]                       0x08009158   Section        0  gd32h7xx_can.o(.text.can_deinit)
    can_dlc_value_compute                    0x080091a9   Thumb Code    86  gd32h7xx_can.o(.text.can_dlc_value_compute)
    [Anonymous Symbol]                       0x080091a8   Section        0  gd32h7xx_can.o(.text.can_dlc_value_compute)
    [Anonymous Symbol]                       0x08009200   Section        0  gd32h7xx_can.o(.text.can_error_counter_config)
    [Anonymous Symbol]                       0x08009218   Section        0  gd32h7xx_can.o(.text.can_error_counter_get)
    [Anonymous Symbol]                       0x08009250   Section        0  gd32h7xx_can.o(.text.can_fd_config)
    [Anonymous Symbol]                       0x08009368   Section        0  gd32h7xx_can.o(.text.can_init)
    [Anonymous Symbol]                       0x08009560   Section        0  gd32h7xx_can.o(.text.can_interrupt_enable)
    [Anonymous Symbol]                       0x08009600   Section        0  gd32h7xx_can.o(.text.can_interrupt_flag_clear)
    [Anonymous Symbol]                       0x08009620   Section        0  gd32h7xx_can.o(.text.can_interrupt_flag_get)
    [Anonymous Symbol]                       0x08009658   Section        0  gd32h7xx_can.o(.text.can_mailbox_code_get)
    [Anonymous Symbol]                       0x08009680   Section        0  gd32h7xx_can.o(.text.can_mailbox_config)
    [Anonymous Symbol]                       0x08009808   Section        0  gd32h7xx_can.o(.text.can_mailbox_receive_data_read)
    [Anonymous Symbol]                       0x08009928   Section        0  gd32h7xx_can.o(.text.can_operation_mode_enter)
    [Anonymous Symbol]                       0x08009af0   Section        0  gd32h7xx_can.o(.text.can_operation_mode_get)
    can_payload_size_compute                 0x08009b91   Thumb Code    44  gd32h7xx_can.o(.text.can_payload_size_compute)
    [Anonymous Symbol]                       0x08009b90   Section        0  gd32h7xx_can.o(.text.can_payload_size_compute)
    [Anonymous Symbol]                       0x08009bc0   Section        0  gd32h7xx_can.o(.text.can_private_filter_config)
    [Anonymous Symbol]                       0x08009be0   Section        0  gd32h7xx_can.o(.text.can_ram_address_get)
    [Anonymous Symbol]                       0x08009c28   Section        0  gd32h7xx_can.o(.text.can_software_reset)
    [Anonymous Symbol]                       0x08009c90   Section        0  gd32h7xx_can.o(.text.can_struct_para_init)
    [Anonymous Symbol]                       0x08009eb8   Section        0  user_canfd.o(.text.canfd_config)
    [Anonymous Symbol]                       0x08009fa0   Section        0  user_canfd.o(.text.canfd_err_interuput_enble)
    [Anonymous Symbol]                       0x0800a008   Section        0  user_canfd.o(.text.canfd_gpio_config)
    [Anonymous Symbol]                       0x0800a088   Section        0  user_canfd.o(.text.canfd_init)
    [Anonymous Symbol]                       0x0800a0a0   Section        0  user_canfd.o(.text.canfd_mailbox_config)
    [Anonymous Symbol]                       0x0800a178   Section        0  systick.o(.text.delay_1ms)
    [Anonymous Symbol]                       0x0800a1a0   Section        0  systick.o(.text.delay_decrement)
    [Anonymous Symbol]                       0x0800a218   Section        0  gd32h7xx_gpio.o(.text.gpio_af_set)
    [Anonymous Symbol]                       0x0800a2f0   Section        0  gd32h7xx_gpio.o(.text.gpio_bit_reset)
    [Anonymous Symbol]                       0x0800a300   Section        0  gd32h7xx_gpio.o(.text.gpio_bit_set)
    [Anonymous Symbol]                       0x0800a310   Section        0  gd32h7xx_gpio.o(.text.gpio_deinit)
    [Anonymous Symbol]                       0x0800a470   Section        0  gd32h7xx_gpio.o(.text.gpio_mode_set)
    [Anonymous Symbol]                       0x0800a510   Section        0  gd32h7xx_gpio.o(.text.gpio_output_options_set)
    [Anonymous Symbol]                       0x0800a5a8   Section        0  main.o(.text.main)
    [Anonymous Symbol]                       0x0800a678   Section        0  gd32h7xx_misc.o(.text.nvic_irq_enable)
    [Anonymous Symbol]                       0x0800a770   Section        0  gd32h7xx_misc.o(.text.nvic_priority_group_set)
    [Anonymous Symbol]                       0x0800a790   Section        0  gd32h7xx_misc.o(.text.nvic_vector_table_set)
    [Anonymous Symbol]                       0x0800a7b8   Section        0  gd32h7xx_rcu.o(.text.rcu_can_clock_config)
    [Anonymous Symbol]                       0x0800a838   Section        0  gd32h7xx_rcu.o(.text.rcu_clock_freq_get)
    [Anonymous Symbol]                       0x0800b440   Section        0  gd32h7xx_rcu.o(.text.rcu_irc64mdiv_freq_get)
    [Anonymous Symbol]                       0x0800b4d8   Section        0  gd32h7xx_rcu.o(.text.rcu_periph_clock_enable)
    [Anonymous Symbol]                       0x0800b500   Section        0  gd32h7xx_rcu.o(.text.rcu_periph_reset_disable)
    [Anonymous Symbol]                       0x0800b528   Section        0  gd32h7xx_rcu.o(.text.rcu_periph_reset_enable)
    rcu_pll_clock_freq_cal                   0x0800b551   Thumb Code   112  gd32h7xx_rcu.o(.text.rcu_pll_clock_freq_cal)
    [Anonymous Symbol]                       0x0800b550   Section        0  gd32h7xx_rcu.o(.text.rcu_pll_clock_freq_cal)
    [Anonymous Symbol]                       0x0800b5c0   Section        0  config.o(.text.sys_init)
    system_clock_600m_hxtal                  0x0800b611   Thumb Code   378  system_gd32h7xx.o(.text.system_clock_600m_hxtal)
    [Anonymous Symbol]                       0x0800b610   Section        0  system_gd32h7xx.o(.text.system_clock_600m_hxtal)
    system_clock_config                      0x0800b791   Thumb Code     8  system_gd32h7xx.o(.text.system_clock_config)
    [Anonymous Symbol]                       0x0800b790   Section        0  system_gd32h7xx.o(.text.system_clock_config)
    [Anonymous Symbol]                       0x0800b798   Section        0  systick.o(.text.systick_config)
    [Anonymous Symbol]                       0x0800b7d0   Section        0  gd32h7xx_usart.o(.text.usart_baudrate_set)
    [Anonymous Symbol]                       0x0800b928   Section        0  gd32h7xx_usart.o(.text.usart_data_transmit)
    [Anonymous Symbol]                       0x0800b940   Section        0  usart_debug.o(.text.usart_debug_init)
    [Anonymous Symbol]                       0x0800b9e8   Section        0  gd32h7xx_usart.o(.text.usart_disable)
    [Anonymous Symbol]                       0x0800ba00   Section        0  gd32h7xx_usart.o(.text.usart_enable)
    [Anonymous Symbol]                       0x0800ba18   Section        0  gd32h7xx_usart.o(.text.usart_flag_get)
    [Anonymous Symbol]                       0x0800ba58   Section        0  gd32h7xx_usart.o(.text.usart_oversample_config)
    [Anonymous Symbol]                       0x0800ba80   Section        0  gd32h7xx_usart.o(.text.usart_parity_config)
    [Anonymous Symbol]                       0x0800baa8   Section        0  usart_debug.o(.text.usart_print)
    [Anonymous Symbol]                       0x0800bae0   Section        0  gd32h7xx_usart.o(.text.usart_receive_config)
    [Anonymous Symbol]                       0x0800bb00   Section        0  usart_debug.o(.text.usart_send_byte)
    [Anonymous Symbol]                       0x0800bb38   Section        0  usart_debug.o(.text.usart_send_string)
    [Anonymous Symbol]                       0x0800bb60   Section        0  gd32h7xx_usart.o(.text.usart_stop_bit_set)
    [Anonymous Symbol]                       0x0800bb88   Section        0  gd32h7xx_usart.o(.text.usart_transmit_config)
    [Anonymous Symbol]                       0x0800bba8   Section        0  gd32h7xx_usart.o(.text.usart_word_length_set)
    i.__0vsnprintf                           0x0800bbd0   Section        0  printfa.o(i.__0vsnprintf)
    i.__scatterload_copy                     0x0800bc04   Section       14  handlers.o(i.__scatterload_copy)
    i.__scatterload_null                     0x0800bc12   Section        2  handlers.o(i.__scatterload_null)
    i.__scatterload_zeroinit                 0x0800bc14   Section       14  handlers.o(i.__scatterload_zeroinit)
    _fp_digits                               0x0800bc25   Thumb Code   366  printfa.o(i._fp_digits)
    i._fp_digits                             0x0800bc24   Section        0  printfa.o(i._fp_digits)
    _printf_core                             0x0800bda9   Thumb Code  1744  printfa.o(i._printf_core)
    i._printf_core                           0x0800bda8   Section        0  printfa.o(i._printf_core)
    _printf_post_padding                     0x0800c485   Thumb Code    36  printfa.o(i._printf_post_padding)
    i._printf_post_padding                   0x0800c484   Section        0  printfa.o(i._printf_post_padding)
    _printf_pre_padding                      0x0800c4a9   Thumb Code    46  printfa.o(i._printf_pre_padding)
    i._printf_pre_padding                    0x0800c4a8   Section        0  printfa.o(i._printf_pre_padding)
    _snputc                                  0x0800c4d7   Thumb Code    22  printfa.o(i._snputc)
    i._snputc                                0x0800c4d6   Section        0  printfa.o(i._snputc)
    dlc_to_databytes                         0x0800c4ec   Data          16  gd32h7xx_can.o(.rodata.dlc_to_databytes)
    [Anonymous Symbol]                       0x0800c4ec   Section        0  gd32h7xx_can.o(.rodata.dlc_to_databytes)
    .L.str                                   0x0800c4fc   Data          31  main.o(.rodata.str1.1)
    [Anonymous Symbol]                       0x0800c4fc   Section        0  main.o(.rodata.str1.1)
    .L.str.5                                 0x0800c51b   Data          16  main.o(.rodata.str1.1)
    .L.str.4                                 0x0800c52b   Data          31  main.o(.rodata.str1.1)
    .L.str.2                                 0x0800c539   Data          17  main.o(.rodata.str1.1)
    .L.str.3                                 0x0800c54a   Data          31  main.o(.rodata.str1.1)
    .L.str.1                                 0x0800c558   Data          17  main.o(.rodata.str1.1)
    delay                                    0x24000088   Data           4  systick.o(.bss.delay)
    [Anonymous Symbol]                       0x24000088   Section        0  systick.o(.bss.delay)
    s_can_busoff_count                       0x240000a6   Data           2  user_canfd.o(.bss.s_can_busoff_count)
    [Anonymous Symbol]                       0x240000a6   Section        0  user_canfd.o(.bss.s_can_busoff_count)
    s_can_err_summary_count                  0x240000a8   Data           2  user_canfd.o(.bss.s_can_err_summary_count)
    [Anonymous Symbol]                       0x240000a8   Section        0  user_canfd.o(.bss.s_can_err_summary_count)
    s_can_err_warning_count                  0x240000aa   Data           2  user_canfd.o(.bss.s_can_err_warning_count)
    [Anonymous Symbol]                       0x240000aa   Section        0  user_canfd.o(.bss.s_can_err_warning_count)
    s_can_recovery_count                     0x240000ac   Data           2  user_canfd.o(.bss.s_can_recovery_count)
    [Anonymous Symbol]                       0x240000ac   Section        0  user_canfd.o(.bss.s_can_recovery_count)
    sysTick_IRQn_cnt                         0x240000b0   Data           4  systick.o(.bss.sysTick_IRQn_cnt)
    [Anonymous Symbol]                       0x240000b0   Section        0  systick.o(.bss.sysTick_IRQn_cnt)
    STACK                                    0x240000d0   Section    49152  startup_gd32h7xx.o(STACK)

    Global Symbols

    Symbol Name                              Value     Ov Type        Size  Object(Section)

    BuildAttributes$$THM_ISAv4$E$P$D$K$B$S$7EM$VFPv5_D16$PE$PLD8$A:L22UL41UL21$X:L11$S22US41US21$IEEE1$IW$~IW$USESV6$~STKCKD$USESV7$~SHL$OSPACE$ROPI$EBA8$MICROLIB$REQ8$PRES8$EABIv2 0x00000000   Number         0  anon$$obj.o ABSOLUTE
    __cpp_initialize__aeabi_                  - Undefined Weak Reference
    __cxa_finalize                            - Undefined Weak Reference
    __decompress                              - Undefined Weak Reference
    _clock_init                               - Undefined Weak Reference
    _microlib_exit                            - Undefined Weak Reference
    __Vectors_Size                           0x000003a4   Number         0  startup_gd32h7xx.o ABSOLUTE
    __Vectors                                0x08008000   Data           4  startup_gd32h7xx.o(RESET)
    __Vectors_End                            0x080083a4   Data           0  startup_gd32h7xx.o(RESET)
    __main                                   0x080083a5   Thumb Code     0  entry.o(.ARM.Collect$$$$00000000)
    _main_stk                                0x080083a5   Thumb Code     0  entry2.o(.ARM.Collect$$$$00000001)
    _main_scatterload                        0x080083a9   Thumb Code     0  entry5.o(.ARM.Collect$$$$00000004)
    __main_after_scatterload                 0x080083ad   Thumb Code     0  entry5.o(.ARM.Collect$$$$00000004)
    _main_clock                              0x080083ad   Thumb Code     0  entry7b.o(.ARM.Collect$$$$00000008)
    _main_cpp_init                           0x080083ad   Thumb Code     0  entry8b.o(.ARM.Collect$$$$0000000A)
    _main_init                               0x080083ad   Thumb Code     0  entry9a.o(.ARM.Collect$$$$0000000B)
    __rt_final_cpp                           0x080083b5   Thumb Code     0  entry10a.o(.ARM.Collect$$$$0000000D)
    __rt_final_exit                          0x080083b5   Thumb Code     0  entry11a.o(.ARM.Collect$$$$0000000F)
    Reset_Handler                            0x080083b9   Thumb Code    26  startup_gd32h7xx.o(.text)
    ADC0_1_IRQHandler                        0x080083e5   Thumb Code     0  startup_gd32h7xx.o(.text)
    ADC2_IRQHandler                          0x080083e5   Thumb Code     0  startup_gd32h7xx.o(.text)
    AVD_LVD_OVD_IRQHandler                   0x080083e5   Thumb Code     0  startup_gd32h7xx.o(.text)
    CAN0_Busoff_IRQHandler                   0x080083e5   Thumb Code     0  startup_gd32h7xx.o(.text)
    CAN0_Error_IRQHandler                    0x080083e5   Thumb Code     0  startup_gd32h7xx.o(.text)
    CAN0_FastError_IRQHandler                0x080083e5   Thumb Code     0  startup_gd32h7xx.o(.text)
    CAN0_Message_IRQHandler                  0x080083e5   Thumb Code     0  startup_gd32h7xx.o(.text)
    CAN0_REC_IRQHandler                      0x080083e5   Thumb Code     0  startup_gd32h7xx.o(.text)
    CAN0_TEC_IRQHandler                      0x080083e5   Thumb Code     0  startup_gd32h7xx.o(.text)
    CAN0_WKUP_IRQHandler                     0x080083e5   Thumb Code     0  startup_gd32h7xx.o(.text)
    CAN1_Busoff_IRQHandler                   0x080083e5   Thumb Code     0  startup_gd32h7xx.o(.text)
    CAN1_FastError_IRQHandler                0x080083e5   Thumb Code     0  startup_gd32h7xx.o(.text)
    CAN1_REC_IRQHandler                      0x080083e5   Thumb Code     0  startup_gd32h7xx.o(.text)
    CAN1_TEC_IRQHandler                      0x080083e5   Thumb Code     0  startup_gd32h7xx.o(.text)
    CAN1_WKUP_IRQHandler                     0x080083e5   Thumb Code     0  startup_gd32h7xx.o(.text)
    CAN2_Busoff_IRQHandler                   0x080083e5   Thumb Code     0  startup_gd32h7xx.o(.text)
    CAN2_Error_IRQHandler                    0x080083e5   Thumb Code     0  startup_gd32h7xx.o(.text)
    CAN2_FastError_IRQHandler                0x080083e5   Thumb Code     0  startup_gd32h7xx.o(.text)
    CAN2_Message_IRQHandler                  0x080083e5   Thumb Code     0  startup_gd32h7xx.o(.text)
    CAN2_REC_IRQHandler                      0x080083e5   Thumb Code     0  startup_gd32h7xx.o(.text)
    CAN2_TEC_IRQHandler                      0x080083e5   Thumb Code     0  startup_gd32h7xx.o(.text)
    CAN2_WKUP_IRQHandler                     0x080083e5   Thumb Code     0  startup_gd32h7xx.o(.text)
    CAU_IRQHandler                           0x080083e5   Thumb Code     0  startup_gd32h7xx.o(.text)
    CMP0_1_IRQHandler                        0x080083e5   Thumb Code     0  startup_gd32h7xx.o(.text)
    CTC_IRQHandler                           0x080083e5   Thumb Code     0  startup_gd32h7xx.o(.text)
    DCI_IRQHandler                           0x080083e5   Thumb Code     0  startup_gd32h7xx.o(.text)
    DMA0_Channel0_IRQHandler                 0x080083e5   Thumb Code     0  startup_gd32h7xx.o(.text)
    DMA0_Channel1_IRQHandler                 0x080083e5   Thumb Code     0  startup_gd32h7xx.o(.text)
    DMA0_Channel2_IRQHandler                 0x080083e5   Thumb Code     0  startup_gd32h7xx.o(.text)
    DMA0_Channel3_IRQHandler                 0x080083e5   Thumb Code     0  startup_gd32h7xx.o(.text)
    DMA0_Channel4_IRQHandler                 0x080083e5   Thumb Code     0  startup_gd32h7xx.o(.text)
    DMA0_Channel5_IRQHandler                 0x080083e5   Thumb Code     0  startup_gd32h7xx.o(.text)
    DMA0_Channel6_IRQHandler                 0x080083e5   Thumb Code     0  startup_gd32h7xx.o(.text)
    DMA0_Channel7_IRQHandler                 0x080083e5   Thumb Code     0  startup_gd32h7xx.o(.text)
    DMA1_Channel0_IRQHandler                 0x080083e5   Thumb Code     0  startup_gd32h7xx.o(.text)
    DMA1_Channel1_IRQHandler                 0x080083e5   Thumb Code     0  startup_gd32h7xx.o(.text)
    DMA1_Channel2_IRQHandler                 0x080083e5   Thumb Code     0  startup_gd32h7xx.o(.text)
    DMA1_Channel3_IRQHandler                 0x080083e5   Thumb Code     0  startup_gd32h7xx.o(.text)
    DMA1_Channel4_IRQHandler                 0x080083e5   Thumb Code     0  startup_gd32h7xx.o(.text)
    DMA1_Channel5_IRQHandler                 0x080083e5   Thumb Code     0  startup_gd32h7xx.o(.text)
    DMA1_Channel6_IRQHandler                 0x080083e5   Thumb Code     0  startup_gd32h7xx.o(.text)
    DMA1_Channel7_IRQHandler                 0x080083e5   Thumb Code     0  startup_gd32h7xx.o(.text)
    DMAMUX_OVR_IRQHandler                    0x080083e5   Thumb Code     0  startup_gd32h7xx.o(.text)
    EFUSE_IRQHandler                         0x080083e5   Thumb Code     0  startup_gd32h7xx.o(.text)
    ENET0_IRQHandler                         0x080083e5   Thumb Code     0  startup_gd32h7xx.o(.text)
    ENET0_WKUP_IRQHandler                    0x080083e5   Thumb Code     0  startup_gd32h7xx.o(.text)
    ENET1_IRQHandler                         0x080083e5   Thumb Code     0  startup_gd32h7xx.o(.text)
    ENET1_WKUP_IRQHandler                    0x080083e5   Thumb Code     0  startup_gd32h7xx.o(.text)
    EXMC_IRQHandler                          0x080083e5   Thumb Code     0  startup_gd32h7xx.o(.text)
    EXTI0_IRQHandler                         0x080083e5   Thumb Code     0  startup_gd32h7xx.o(.text)
    EXTI10_15_IRQHandler                     0x080083e5   Thumb Code     0  startup_gd32h7xx.o(.text)
    EXTI1_IRQHandler                         0x080083e5   Thumb Code     0  startup_gd32h7xx.o(.text)
    EXTI2_IRQHandler                         0x080083e5   Thumb Code     0  startup_gd32h7xx.o(.text)
    EXTI3_IRQHandler                         0x080083e5   Thumb Code     0  startup_gd32h7xx.o(.text)
    EXTI4_IRQHandler                         0x080083e5   Thumb Code     0  startup_gd32h7xx.o(.text)
    EXTI5_9_IRQHandler                       0x080083e5   Thumb Code     0  startup_gd32h7xx.o(.text)
    FAC_IRQHandler                           0x080083e5   Thumb Code     0  startup_gd32h7xx.o(.text)
    FMC_IRQHandler                           0x080083e5   Thumb Code     0  startup_gd32h7xx.o(.text)
    FPU_IRQHandler                           0x080083e5   Thumb Code     0  startup_gd32h7xx.o(.text)
    HAU_TRNG_IRQHandler                      0x080083e5   Thumb Code     0  startup_gd32h7xx.o(.text)
    HPDF_INT0_IRQHandler                     0x080083e5   Thumb Code     0  startup_gd32h7xx.o(.text)
    HPDF_INT1_IRQHandler                     0x080083e5   Thumb Code     0  startup_gd32h7xx.o(.text)
    HPDF_INT2_IRQHandler                     0x080083e5   Thumb Code     0  startup_gd32h7xx.o(.text)
    HPDF_INT3_IRQHandler                     0x080083e5   Thumb Code     0  startup_gd32h7xx.o(.text)
    HWSEM_IRQHandler                         0x080083e5   Thumb Code     0  startup_gd32h7xx.o(.text)
    I2C0_ER_IRQHandler                       0x080083e5   Thumb Code     0  startup_gd32h7xx.o(.text)
    I2C0_EV_IRQHandler                       0x080083e5   Thumb Code     0  startup_gd32h7xx.o(.text)
    I2C0_WKUP_IRQHandler                     0x080083e5   Thumb Code     0  startup_gd32h7xx.o(.text)
    I2C1_ER_IRQHandler                       0x080083e5   Thumb Code     0  startup_gd32h7xx.o(.text)
    I2C1_EV_IRQHandler                       0x080083e5   Thumb Code     0  startup_gd32h7xx.o(.text)
    I2C1_WKUP_IRQHandler                     0x080083e5   Thumb Code     0  startup_gd32h7xx.o(.text)
    I2C2_ER_IRQHandler                       0x080083e5   Thumb Code     0  startup_gd32h7xx.o(.text)
    I2C2_EV_IRQHandler                       0x080083e5   Thumb Code     0  startup_gd32h7xx.o(.text)
    I2C2_WKUP_IRQHandler                     0x080083e5   Thumb Code     0  startup_gd32h7xx.o(.text)
    I2C3_ER_IRQHandler                       0x080083e5   Thumb Code     0  startup_gd32h7xx.o(.text)
    I2C3_EV_IRQHandler                       0x080083e5   Thumb Code     0  startup_gd32h7xx.o(.text)
    I2C3_WKUP_IRQHandler                     0x080083e5   Thumb Code     0  startup_gd32h7xx.o(.text)
    IPA_IRQHandler                           0x080083e5   Thumb Code     0  startup_gd32h7xx.o(.text)
    LPDTS_IRQHandler                         0x080083e5   Thumb Code     0  startup_gd32h7xx.o(.text)
    LPDTS_WKUP_IRQHandler                    0x080083e5   Thumb Code     0  startup_gd32h7xx.o(.text)
    MDIO_IRQHandler                          0x080083e5   Thumb Code     0  startup_gd32h7xx.o(.text)
    MDMA_IRQHandler                          0x080083e5   Thumb Code     0  startup_gd32h7xx.o(.text)
    OSPI0_IRQHandler                         0x080083e5   Thumb Code     0  startup_gd32h7xx.o(.text)
    OSPI1_IRQHandler                         0x080083e5   Thumb Code     0  startup_gd32h7xx.o(.text)
    RAMECCMU_IRQHandler                      0x080083e5   Thumb Code     0  startup_gd32h7xx.o(.text)
    RCU_IRQHandler                           0x080083e5   Thumb Code     0  startup_gd32h7xx.o(.text)
    RSPDIF_IRQHandler                        0x080083e5   Thumb Code     0  startup_gd32h7xx.o(.text)
    RTC_Alarm_IRQHandler                     0x080083e5   Thumb Code     0  startup_gd32h7xx.o(.text)
    RTC_WKUP_IRQHandler                      0x080083e5   Thumb Code     0  startup_gd32h7xx.o(.text)
    RTDEC0_IRQHandler                        0x080083e5   Thumb Code     0  startup_gd32h7xx.o(.text)
    RTDEC1_IRQHandler                        0x080083e5   Thumb Code     0  startup_gd32h7xx.o(.text)
    SAI0_IRQHandler                          0x080083e5   Thumb Code     0  startup_gd32h7xx.o(.text)
    SAI1_IRQHandler                          0x080083e5   Thumb Code     0  startup_gd32h7xx.o(.text)
    SAI2_IRQHandler                          0x080083e5   Thumb Code     0  startup_gd32h7xx.o(.text)
    SDIO0_IRQHandler                         0x080083e5   Thumb Code     0  startup_gd32h7xx.o(.text)
    SDIO1_IRQHandler                         0x080083e5   Thumb Code     0  startup_gd32h7xx.o(.text)
    SPI0_IRQHandler                          0x080083e5   Thumb Code     0  startup_gd32h7xx.o(.text)
    SPI1_IRQHandler                          0x080083e5   Thumb Code     0  startup_gd32h7xx.o(.text)
    SPI2_IRQHandler                          0x080083e5   Thumb Code     0  startup_gd32h7xx.o(.text)
    SPI3_IRQHandler                          0x080083e5   Thumb Code     0  startup_gd32h7xx.o(.text)
    SPI4_IRQHandler                          0x080083e5   Thumb Code     0  startup_gd32h7xx.o(.text)
    SPI5_IRQHandler                          0x080083e5   Thumb Code     0  startup_gd32h7xx.o(.text)
    TAMPER_STAMP_LXTAL_IRQHandler            0x080083e5   Thumb Code     0  startup_gd32h7xx.o(.text)
    TIMER0_BRK_IRQHandler                    0x080083e5   Thumb Code     0  startup_gd32h7xx.o(.text)
    TIMER0_Channel_IRQHandler                0x080083e5   Thumb Code     0  startup_gd32h7xx.o(.text)
    TIMER0_DEC_IRQHandler                    0x080083e5   Thumb Code     0  startup_gd32h7xx.o(.text)
    TIMER0_TRG_CMT_IRQHandler                0x080083e5   Thumb Code     0  startup_gd32h7xx.o(.text)
    TIMER0_UP_IRQHandler                     0x080083e5   Thumb Code     0  startup_gd32h7xx.o(.text)
    TIMER14_IRQHandler                       0x080083e5   Thumb Code     0  startup_gd32h7xx.o(.text)
    TIMER15_IRQHandler                       0x080083e5   Thumb Code     0  startup_gd32h7xx.o(.text)
    TIMER16_IRQHandler                       0x080083e5   Thumb Code     0  startup_gd32h7xx.o(.text)
    TIMER1_DEC_IRQHandler                    0x080083e5   Thumb Code     0  startup_gd32h7xx.o(.text)
    TIMER1_IRQHandler                        0x080083e5   Thumb Code     0  startup_gd32h7xx.o(.text)
    TIMER22_DEC_IRQHandler                   0x080083e5   Thumb Code     0  startup_gd32h7xx.o(.text)
    TIMER22_IRQHandler                       0x080083e5   Thumb Code     0  startup_gd32h7xx.o(.text)
    TIMER23_DEC_IRQHandler                   0x080083e5   Thumb Code     0  startup_gd32h7xx.o(.text)
    TIMER23_IRQHandler                       0x080083e5   Thumb Code     0  startup_gd32h7xx.o(.text)
    TIMER2_DEC_IRQHandler                    0x080083e5   Thumb Code     0  startup_gd32h7xx.o(.text)
    TIMER2_IRQHandler                        0x080083e5   Thumb Code     0  startup_gd32h7xx.o(.text)
    TIMER30_DEC_IRQHandler                   0x080083e5   Thumb Code     0  startup_gd32h7xx.o(.text)
    TIMER30_IRQHandler                       0x080083e5   Thumb Code     0  startup_gd32h7xx.o(.text)
    TIMER31_DEC_IRQHandler                   0x080083e5   Thumb Code     0  startup_gd32h7xx.o(.text)
    TIMER31_IRQHandler                       0x080083e5   Thumb Code     0  startup_gd32h7xx.o(.text)
    TIMER3_DEC_IRQHandler                    0x080083e5   Thumb Code     0  startup_gd32h7xx.o(.text)
    TIMER3_IRQHandler                        0x080083e5   Thumb Code     0  startup_gd32h7xx.o(.text)
    TIMER40_IRQHandler                       0x080083e5   Thumb Code     0  startup_gd32h7xx.o(.text)
    TIMER41_IRQHandler                       0x080083e5   Thumb Code     0  startup_gd32h7xx.o(.text)
    TIMER42_IRQHandler                       0x080083e5   Thumb Code     0  startup_gd32h7xx.o(.text)
    TIMER43_IRQHandler                       0x080083e5   Thumb Code     0  startup_gd32h7xx.o(.text)
    TIMER44_IRQHandler                       0x080083e5   Thumb Code     0  startup_gd32h7xx.o(.text)
    TIMER4_DEC_IRQHandler                    0x080083e5   Thumb Code     0  startup_gd32h7xx.o(.text)
    TIMER4_IRQHandler                        0x080083e5   Thumb Code     0  startup_gd32h7xx.o(.text)
    TIMER50_IRQHandler                       0x080083e5   Thumb Code     0  startup_gd32h7xx.o(.text)
    TIMER51_IRQHandler                       0x080083e5   Thumb Code     0  startup_gd32h7xx.o(.text)
    TIMER5_DAC_UDR_IRQHandler                0x080083e5   Thumb Code     0  startup_gd32h7xx.o(.text)
    TIMER6_IRQHandler                        0x080083e5   Thumb Code     0  startup_gd32h7xx.o(.text)
    TIMER7_BRK_IRQHandler                    0x080083e5   Thumb Code     0  startup_gd32h7xx.o(.text)
    TIMER7_Channel_IRQHandler                0x080083e5   Thumb Code     0  startup_gd32h7xx.o(.text)
    TIMER7_DEC_IRQHandler                    0x080083e5   Thumb Code     0  startup_gd32h7xx.o(.text)
    TIMER7_TRG_CMT_IRQHandler                0x080083e5   Thumb Code     0  startup_gd32h7xx.o(.text)
    TIMER7_UP_IRQHandler                     0x080083e5   Thumb Code     0  startup_gd32h7xx.o(.text)
    TLI_ER_IRQHandler                        0x080083e5   Thumb Code     0  startup_gd32h7xx.o(.text)
    TLI_IRQHandler                           0x080083e5   Thumb Code     0  startup_gd32h7xx.o(.text)
    TMU_IRQHandler                           0x080083e5   Thumb Code     0  startup_gd32h7xx.o(.text)
    UART3_IRQHandler                         0x080083e5   Thumb Code     0  startup_gd32h7xx.o(.text)
    UART4_IRQHandler                         0x080083e5   Thumb Code     0  startup_gd32h7xx.o(.text)
    UART6_IRQHandler                         0x080083e5   Thumb Code     0  startup_gd32h7xx.o(.text)
    UART7_IRQHandler                         0x080083e5   Thumb Code     0  startup_gd32h7xx.o(.text)
    USART0_IRQHandler                        0x080083e5   Thumb Code     0  startup_gd32h7xx.o(.text)
    USART1_IRQHandler                        0x080083e5   Thumb Code     0  startup_gd32h7xx.o(.text)
    USART2_IRQHandler                        0x080083e5   Thumb Code     0  startup_gd32h7xx.o(.text)
    USART5_IRQHandler                        0x080083e5   Thumb Code     0  startup_gd32h7xx.o(.text)
    USBHS0_EP1_IN_IRQHandler                 0x080083e5   Thumb Code     0  startup_gd32h7xx.o(.text)
    USBHS0_EP1_OUT_IRQHandler                0x080083e5   Thumb Code     0  startup_gd32h7xx.o(.text)
    USBHS0_IRQHandler                        0x080083e5   Thumb Code     0  startup_gd32h7xx.o(.text)
    USBHS0_WKUP_IRQHandler                   0x080083e5   Thumb Code     0  startup_gd32h7xx.o(.text)
    USBHS1_EP1_IN_IRQHandler                 0x080083e5   Thumb Code     0  startup_gd32h7xx.o(.text)
    USBHS1_EP1_OUT_IRQHandler                0x080083e5   Thumb Code     0  startup_gd32h7xx.o(.text)
    USBHS1_IRQHandler                        0x080083e5   Thumb Code     0  startup_gd32h7xx.o(.text)
    USBHS1_WKUP_IRQHandler                   0x080083e5   Thumb Code     0  startup_gd32h7xx.o(.text)
    WWDGT_IRQHandler                         0x080083e5   Thumb Code     0  startup_gd32h7xx.o(.text)
    __aeabi_uidiv                            0x080083f5   Thumb Code     0  uidiv.o(.text)
    __aeabi_uidivmod                         0x080083f5   Thumb Code    44  uidiv.o(.text)
    __aeabi_uldivmod                         0x08008421   Thumb Code    98  uldiv.o(.text)
    __I$use$fp                               0x08008483   Thumb Code     0  iusefp.o(.text)
    __aeabi_dadd                             0x08008483   Thumb Code   322  dadd.o(.text)
    __aeabi_dsub                             0x080085c5   Thumb Code     6  dadd.o(.text)
    __aeabi_drsub                            0x080085cb   Thumb Code     6  dadd.o(.text)
    __aeabi_dmul                             0x080085d1   Thumb Code   228  dmul.o(.text)
    __aeabi_ddiv                             0x080086b5   Thumb Code   222  ddiv.o(.text)
    __aeabi_d2ulz                            0x08008793   Thumb Code    48  dfixul.o(.text)
    __aeabi_cdrcmple                         0x080087c5   Thumb Code    48  cdrcmple.o(.text)
    __scatterload                            0x080087f5   Thumb Code    28  init.o(.text)
    __scatterload_rt2                        0x080087f5   Thumb Code     0  init.o(.text)
    __aeabi_llsl                             0x08008819   Thumb Code    30  llshl.o(.text)
    _ll_shift_l                              0x08008819   Thumb Code     0  llshl.o(.text)
    __aeabi_llsr                             0x08008837   Thumb Code    32  llushr.o(.text)
    _ll_ushift_r                             0x08008837   Thumb Code     0  llushr.o(.text)
    __aeabi_lasr                             0x08008857   Thumb Code    36  llsshr.o(.text)
    _ll_sshift_r                             0x08008857   Thumb Code     0  llsshr.o(.text)
    _double_round                            0x0800887b   Thumb Code    30  depilogue.o(.text)
    _double_epilogue                         0x08008899   Thumb Code   156  depilogue.o(.text)
    BusFault_Handler                         0x08008939   Thumb Code     4  gd32h7xx_it.o(.text.BusFault_Handler)
    CAN1_Error_IRQHandler                    0x08008941   Thumb Code   620  user_canfd.o(.text.CAN1_Error_IRQHandler)
    CAN1_Message_IRQHandler                  0x08008bb1   Thumb Code   254  user_canfd.o(.text.CAN1_Message_IRQHandler)
    DebugMon_Handler                         0x08008cb1   Thumb Code     4  gd32h7xx_it.o(.text.DebugMon_Handler)
    HardFault_Handler                        0x08008cb9   Thumb Code     4  gd32h7xx_it.o(.text.HardFault_Handler)
    MemManage_Handler                        0x08008cc1   Thumb Code     4  gd32h7xx_it.o(.text.MemManage_Handler)
    NMI_Handler                              0x08008cc9   Thumb Code     4  gd32h7xx_it.o(.text.NMI_Handler)
    PendSV_Handler                           0x08008cd1   Thumb Code     4  gd32h7xx_it.o(.text.PendSV_Handler)
    SVC_Handler                              0x08008cd9   Thumb Code     4  gd32h7xx_it.o(.text.SVC_Handler)
    SysTick_Handler                          0x08008d39   Thumb Code     8  gd32h7xx_it.o(.text.SysTick_Handler)
    SystemInit                               0x08008d41   Thumb Code   432  system_gd32h7xx.o(.text.SystemInit)
    UsageFault_Handler                       0x08008ef1   Thumb Code     4  gd32h7xx_it.o(.text.UsageFault_Handler)
    cache_enable                             0x08008f41   Thumb Code   222  config.o(.text.cache_enable)
    can_auto_busoff_recovery_enable          0x08009021   Thumb Code    18  gd32h7xx_can.o(.text.can_auto_busoff_recovery_enable)
    can_deinit                               0x08009159   Thumb Code    78  gd32h7xx_can.o(.text.can_deinit)
    can_error_counter_config                 0x08009201   Thumb Code    20  gd32h7xx_can.o(.text.can_error_counter_config)
    can_error_counter_get                    0x08009219   Thumb Code    50  gd32h7xx_can.o(.text.can_error_counter_get)
    can_fd_config                            0x08009251   Thumb Code   274  gd32h7xx_can.o(.text.can_fd_config)
    can_init                                 0x08009369   Thumb Code   500  gd32h7xx_can.o(.text.can_init)
    can_interrupt_enable                     0x08009561   Thumb Code   156  gd32h7xx_can.o(.text.can_interrupt_enable)
    can_interrupt_flag_clear                 0x08009601   Thumb Code    26  gd32h7xx_can.o(.text.can_interrupt_flag_clear)
    can_interrupt_flag_get                   0x08009621   Thumb Code    52  gd32h7xx_can.o(.text.can_interrupt_flag_get)
    can_mailbox_code_get                     0x08009659   Thumb Code    34  gd32h7xx_can.o(.text.can_mailbox_code_get)
    can_mailbox_config                       0x08009681   Thumb Code   388  gd32h7xx_can.o(.text.can_mailbox_config)
    can_mailbox_receive_data_read            0x08009809   Thumb Code   282  gd32h7xx_can.o(.text.can_mailbox_receive_data_read)
    can_operation_mode_enter                 0x08009929   Thumb Code   454  gd32h7xx_can.o(.text.can_operation_mode_enter)
    can_operation_mode_get                   0x08009af1   Thumb Code   156  gd32h7xx_can.o(.text.can_operation_mode_get)
    can_private_filter_config                0x08009bc1   Thumb Code    26  gd32h7xx_can.o(.text.can_private_filter_config)
    can_ram_address_get                      0x08009be1   Thumb Code    70  gd32h7xx_can.o(.text.can_ram_address_get)
    can_software_reset                       0x08009c29   Thumb Code   102  gd32h7xx_can.o(.text.can_software_reset)
    can_struct_para_init                     0x08009c91   Thumb Code   550  gd32h7xx_can.o(.text.can_struct_para_init)
    canfd_config                             0x08009eb9   Thumb Code   230  user_canfd.o(.text.canfd_config)
    canfd_err_interuput_enble                0x08009fa1   Thumb Code   100  user_canfd.o(.text.canfd_err_interuput_enble)
    canfd_gpio_config                        0x0800a009   Thumb Code   126  user_canfd.o(.text.canfd_gpio_config)
    canfd_init                               0x0800a089   Thumb Code    20  user_canfd.o(.text.canfd_init)
    canfd_mailbox_config                     0x0800a0a1   Thumb Code   212  user_canfd.o(.text.canfd_mailbox_config)
    delay_1ms                                0x0800a179   Thumb Code    38  systick.o(.text.delay_1ms)
    delay_decrement                          0x0800a1a1   Thumb Code   120  systick.o(.text.delay_decrement)
    gpio_af_set                              0x0800a219   Thumb Code   212  gd32h7xx_gpio.o(.text.gpio_af_set)
    gpio_bit_reset                           0x0800a2f1   Thumb Code    16  gd32h7xx_gpio.o(.text.gpio_bit_reset)
    gpio_bit_set                             0x0800a301   Thumb Code    16  gd32h7xx_gpio.o(.text.gpio_bit_set)
    gpio_deinit                              0x0800a311   Thumb Code   352  gd32h7xx_gpio.o(.text.gpio_deinit)
    gpio_mode_set                            0x0800a471   Thumb Code   156  gd32h7xx_gpio.o(.text.gpio_mode_set)
    gpio_output_options_set                  0x0800a511   Thumb Code   146  gd32h7xx_gpio.o(.text.gpio_output_options_set)
    main                                     0x0800a5a9   Thumb Code   202  main.o(.text.main)
    nvic_irq_enable                          0x0800a679   Thumb Code   246  gd32h7xx_misc.o(.text.nvic_irq_enable)
    nvic_priority_group_set                  0x0800a771   Thumb Code    28  gd32h7xx_misc.o(.text.nvic_priority_group_set)
    nvic_vector_table_set                    0x0800a791   Thumb Code    40  gd32h7xx_misc.o(.text.nvic_vector_table_set)
    rcu_can_clock_config                     0x0800a7b9   Thumb Code   124  gd32h7xx_rcu.o(.text.rcu_can_clock_config)
    rcu_clock_freq_get                       0x0800a839   Thumb Code  3076  gd32h7xx_rcu.o(.text.rcu_clock_freq_get)
    rcu_irc64mdiv_freq_get                   0x0800b441   Thumb Code   152  gd32h7xx_rcu.o(.text.rcu_irc64mdiv_freq_get)
    rcu_periph_clock_enable                  0x0800b4d9   Thumb Code    40  gd32h7xx_rcu.o(.text.rcu_periph_clock_enable)
    rcu_periph_reset_disable                 0x0800b501   Thumb Code    40  gd32h7xx_rcu.o(.text.rcu_periph_reset_disable)
    rcu_periph_reset_enable                  0x0800b529   Thumb Code    40  gd32h7xx_rcu.o(.text.rcu_periph_reset_enable)
    sys_init                                 0x0800b5c1   Thumb Code    80  config.o(.text.sys_init)
    systick_config                           0x0800b799   Thumb Code    50  systick.o(.text.systick_config)
    usart_baudrate_set                       0x0800b7d1   Thumb Code   344  gd32h7xx_usart.o(.text.usart_baudrate_set)
    usart_data_transmit                      0x0800b929   Thumb Code    24  gd32h7xx_usart.o(.text.usart_data_transmit)
    usart_debug_init                         0x0800b941   Thumb Code   164  usart_debug.o(.text.usart_debug_init)
    usart_disable                            0x0800b9e9   Thumb Code    18  gd32h7xx_usart.o(.text.usart_disable)
    usart_enable                             0x0800ba01   Thumb Code    18  gd32h7xx_usart.o(.text.usart_enable)
    usart_flag_get                           0x0800ba19   Thumb Code    58  gd32h7xx_usart.o(.text.usart_flag_get)
    usart_oversample_config                  0x0800ba59   Thumb Code    40  gd32h7xx_usart.o(.text.usart_oversample_config)
    usart_parity_config                      0x0800ba81   Thumb Code    40  gd32h7xx_usart.o(.text.usart_parity_config)
    usart_print                              0x0800baa9   Thumb Code    50  usart_debug.o(.text.usart_print)
    usart_receive_config                     0x0800bae1   Thumb Code    30  gd32h7xx_usart.o(.text.usart_receive_config)
    usart_send_byte                          0x0800bb01   Thumb Code    52  usart_debug.o(.text.usart_send_byte)
    usart_send_string                        0x0800bb39   Thumb Code    34  usart_debug.o(.text.usart_send_string)
    usart_stop_bit_set                       0x0800bb61   Thumb Code    40  gd32h7xx_usart.o(.text.usart_stop_bit_set)
    usart_transmit_config                    0x0800bb89   Thumb Code    30  gd32h7xx_usart.o(.text.usart_transmit_config)
    usart_word_length_set                    0x0800bba9   Thumb Code    40  gd32h7xx_usart.o(.text.usart_word_length_set)
    __0vsnprintf                             0x0800bbd1   Thumb Code    46  printfa.o(i.__0vsnprintf)
    __1vsnprintf                             0x0800bbd1   Thumb Code     0  printfa.o(i.__0vsnprintf)
    __2vsnprintf                             0x0800bbd1   Thumb Code     0  printfa.o(i.__0vsnprintf)
    __c89vsnprintf                           0x0800bbd1   Thumb Code     0  printfa.o(i.__0vsnprintf)
    vsnprintf                                0x0800bbd1   Thumb Code     0  printfa.o(i.__0vsnprintf)
    __scatterload_copy                       0x0800bc05   Thumb Code    14  handlers.o(i.__scatterload_copy)
    __scatterload_null                       0x0800bc13   Thumb Code     2  handlers.o(i.__scatterload_null)
    __scatterload_zeroinit                   0x0800bc15   Thumb Code    14  handlers.o(i.__scatterload_zeroinit)
    Region$$Table$$Base                      0x0800c56c   Number         0  anon$$obj.o(Region$$Table)
    Region$$Table$$Limit                     0x0800c58c   Number         0  anon$$obj.o(Region$$Table)
    Image$$RW_IRAM1$$RW$$Base                0x24000000   Number         0  anon$$obj.o ABSOLUTE
    SystemCoreClock                          0x24000000   Data           4  system_gd32h7xx.o(.data.SystemCoreClock)
    canfd_rx_data                            0x24000008   Data          64  user_canfd.o(.bss.canfd_rx_data)
    canfd_tx_data                            0x24000048   Data          64  user_canfd.o(.bss.canfd_tx_data)
    fd_data_phase_rx_errcnt                  0x2400008c   Data           2  user_canfd.o(.bss.fd_data_phase_rx_errcnt)
    fd_data_phase_tx_errcnt                  0x2400008e   Data           2  user_canfd.o(.bss.fd_data_phase_tx_errcnt)
    receive_message                          0x24000090   Data          20  user_canfd.o(.bss.receive_message)
    rx_errcnt                                0x240000a4   Data           2  user_canfd.o(.bss.rx_errcnt)
    tdcv_reg                                 0x240000b4   Data           4  user_canfd.o(.bss.tdcv_reg)
    transmit_message                         0x240000b8   Data          20  user_canfd.o(.bss.transmit_message)
    tx_errcnt                                0x240000cc   Data           2  user_canfd.o(.bss.tx_errcnt)
    __initial_sp                             0x2400c0d0   Data           0  startup_gd32h7xx.o(STACK)



==============================================================================

Memory Map of the image

  Image Entry point : 0x080083a5

  Load Region LR_IROM1 (Base: 0x08008000, Size: 0x00004598, Max: 0x003c0000, ABSOLUTE)

    Execution Region RW_IRAM2 (Exec base: 0x00000000, Load base: 0x0800c598, Size: 0x00000000, Max: 0x00010000, ABSOLUTE)

    **** No section assigned to this execution region ****


    Execution Region ER_IROM1 (Exec base: 0x08008000, Load base: 0x08008000, Size: 0x0000458c, Max: 0x003c0000, ABSOLUTE)

    Exec Addr    Load Addr    Size         Type   Attr      Idx    E Section Name        Object

    0x08008000   0x08008000   0x000003a4   Data   RO         3560    RESET               startup_gd32h7xx.o
    0x080083a4   0x080083a4   0x00000000   Code   RO         3678  * .ARM.Collect$$$$00000000  mc_w.l(entry.o)
    0x080083a4   0x080083a4   0x00000004   Code   RO         3713    .ARM.Collect$$$$00000001  mc_w.l(entry2.o)
    0x080083a8   0x080083a8   0x00000004   Code   RO         3716    .ARM.Collect$$$$00000004  mc_w.l(entry5.o)
    0x080083ac   0x080083ac   0x00000000   Code   RO         3718    .ARM.Collect$$$$00000008  mc_w.l(entry7b.o)
    0x080083ac   0x080083ac   0x00000000   Code   RO         3720    .ARM.Collect$$$$0000000A  mc_w.l(entry8b.o)
    0x080083ac   0x080083ac   0x00000008   Code   RO         3721    .ARM.Collect$$$$0000000B  mc_w.l(entry9a.o)
    0x080083b4   0x080083b4   0x00000000   Code   RO         3723    .ARM.Collect$$$$0000000D  mc_w.l(entry10a.o)
    0x080083b4   0x080083b4   0x00000000   Code   RO         3725    .ARM.Collect$$$$0000000F  mc_w.l(entry11a.o)
    0x080083b4   0x080083b4   0x00000004   Code   RO         3714    .ARM.Collect$$$$00002712  mc_w.l(entry2.o)
    0x080083b8   0x080083b8   0x0000003c   Code   RO         3561    .text               startup_gd32h7xx.o
    0x080083f4   0x080083f4   0x0000002c   Code   RO         3741    .text               mc_w.l(uidiv.o)
    0x08008420   0x08008420   0x00000062   Code   RO         3743    .text               mc_w.l(uldiv.o)
    0x08008482   0x08008482   0x00000000   Code   RO         3745    .text               mc_w.l(iusefp.o)
    0x08008482   0x08008482   0x0000014e   Code   RO         3746    .text               mf_w.l(dadd.o)
    0x080085d0   0x080085d0   0x000000e4   Code   RO         3748    .text               mf_w.l(dmul.o)
    0x080086b4   0x080086b4   0x000000de   Code   RO         3750    .text               mf_w.l(ddiv.o)
    0x08008792   0x08008792   0x00000030   Code   RO         3752    .text               mf_w.l(dfixul.o)
    0x080087c2   0x080087c2   0x00000002   PAD
    0x080087c4   0x080087c4   0x00000030   Code   RO         3754    .text               mf_w.l(cdrcmple.o)
    0x080087f4   0x080087f4   0x00000024   Code   RO         3756    .text               mc_w.l(init.o)
    0x08008818   0x08008818   0x0000001e   Code   RO         3759    .text               mc_w.l(llshl.o)
    0x08008836   0x08008836   0x00000020   Code   RO         3761    .text               mc_w.l(llushr.o)
    0x08008856   0x08008856   0x00000024   Code   RO         3763    .text               mc_w.l(llsshr.o)
    0x0800887a   0x0800887a   0x000000ba   Code   RO         3766    .text               mf_w.l(depilogue.o)
    0x08008934   0x08008934   0x00000004   PAD
    0x08008938   0x08008938   0x00000004   Code   RO            8    .text.BusFault_Handler  gd32h7xx_it.o
    0x0800893c   0x0800893c   0x00000004   PAD
    0x08008940   0x08008940   0x0000026c   Code   RO         3635    .text.CAN1_Error_IRQHandler  user_canfd.o
    0x08008bac   0x08008bac   0x00000004   PAD
    0x08008bb0   0x08008bb0   0x000000fe   Code   RO         3633    .text.CAN1_Message_IRQHandler  user_canfd.o
    0x08008cae   0x08008cae   0x00000002   PAD
    0x08008cb0   0x08008cb0   0x00000004   Code   RO           12    .text.DebugMon_Handler  gd32h7xx_it.o
    0x08008cb4   0x08008cb4   0x00000004   PAD
    0x08008cb8   0x08008cb8   0x00000004   Code   RO            4    .text.HardFault_Handler  gd32h7xx_it.o
    0x08008cbc   0x08008cbc   0x00000004   PAD
    0x08008cc0   0x08008cc0   0x00000004   Code   RO            6    .text.MemManage_Handler  gd32h7xx_it.o
    0x08008cc4   0x08008cc4   0x00000004   PAD
    0x08008cc8   0x08008cc8   0x00000004   Code   RO            2    .text.NMI_Handler   gd32h7xx_it.o
    0x08008ccc   0x08008ccc   0x00000004   PAD
    0x08008cd0   0x08008cd0   0x00000004   Code   RO           16    .text.PendSV_Handler  gd32h7xx_it.o
    0x08008cd4   0x08008cd4   0x00000004   PAD
    0x08008cd8   0x08008cd8   0x00000004   Code   RO           14    .text.SVC_Handler   gd32h7xx_it.o
    0x08008cdc   0x08008cdc   0x00000004   PAD
    0x08008ce0   0x08008ce0   0x00000052   Code   RO           29    .text.SysTick_Config  systick.o
    0x08008d32   0x08008d32   0x00000006   PAD
    0x08008d38   0x08008d38   0x00000008   Code   RO           18    .text.SysTick_Handler  gd32h7xx_it.o
    0x08008d40   0x08008d40   0x000001b0   Code   RO           46    .text.SystemInit    system_gd32h7xx.o
    0x08008ef0   0x08008ef0   0x00000004   Code   RO           10    .text.UsageFault_Handler  gd32h7xx_it.o
    0x08008ef4   0x08008ef4   0x00000004   PAD
    0x08008ef8   0x08008ef8   0x00000042   Code   RO           31    .text.__NVIC_SetPriority  systick.o
    0x08008f3a   0x08008f3a   0x00000006   PAD
    0x08008f40   0x08008f40   0x000000de   Code   RO         3614    .text.cache_enable  config.o
    0x0800901e   0x0800901e   0x00000002   PAD
    0x08009020   0x08009020   0x00000012   Code   RO          269    .text.can_auto_busoff_recovery_enable  gd32h7xx_can.o
    0x08009032   0x08009032   0x00000006   PAD
    0x08009038   0x08009038   0x0000008e   Code   RO          227    .text.can_data_to_big_endian_swap  gd32h7xx_can.o
    0x080090c6   0x080090c6   0x00000002   PAD
    0x080090c8   0x080090c8   0x0000008a   Code   RO          215    .text.can_data_to_little_endian_swap  gd32h7xx_can.o
    0x08009152   0x08009152   0x00000006   PAD
    0x08009158   0x08009158   0x0000004e   Code   RO          179    .text.can_deinit    gd32h7xx_can.o
    0x080091a6   0x080091a6   0x00000002   PAD
    0x080091a8   0x080091a8   0x00000056   Code   RO          225    .text.can_dlc_value_compute  gd32h7xx_can.o
    0x080091fe   0x080091fe   0x00000002   PAD
    0x08009200   0x08009200   0x00000014   Code   RO          245    .text.can_error_counter_config  gd32h7xx_can.o
    0x08009214   0x08009214   0x00000004   PAD
    0x08009218   0x08009218   0x00000032   Code   RO          247    .text.can_error_counter_get  gd32h7xx_can.o
    0x0800924a   0x0800924a   0x00000006   PAD
    0x08009250   0x08009250   0x00000112   Code   RO          197    .text.can_fd_config  gd32h7xx_can.o
    0x08009362   0x08009362   0x00000006   PAD
    0x08009368   0x08009368   0x000001f4   Code   RO          183    .text.can_init      gd32h7xx_can.o
    0x0800955c   0x0800955c   0x00000004   PAD
    0x08009560   0x08009560   0x0000009c   Code   RO          293    .text.can_interrupt_enable  gd32h7xx_can.o
    0x080095fc   0x080095fc   0x00000004   PAD
    0x08009600   0x08009600   0x0000001a   Code   RO          299    .text.can_interrupt_flag_clear  gd32h7xx_can.o
    0x0800961a   0x0800961a   0x00000006   PAD
    0x08009620   0x08009620   0x00000034   Code   RO          297    .text.can_interrupt_flag_get  gd32h7xx_can.o
    0x08009654   0x08009654   0x00000004   PAD
    0x08009658   0x08009658   0x00000022   Code   RO          243    .text.can_mailbox_code_get  gd32h7xx_can.o
    0x0800967a   0x0800967a   0x00000006   PAD
    0x08009680   0x08009680   0x00000184   Code   RO          223    .text.can_mailbox_config  gd32h7xx_can.o
    0x08009804   0x08009804   0x00000004   PAD
    0x08009808   0x08009808   0x0000011a   Code   RO          233    .text.can_mailbox_receive_data_read  gd32h7xx_can.o
    0x08009922   0x08009922   0x00000006   PAD
    0x08009928   0x08009928   0x000001c6   Code   RO          189    .text.can_operation_mode_enter  gd32h7xx_can.o
    0x08009aee   0x08009aee   0x00000002   PAD
    0x08009af0   0x08009af0   0x0000009c   Code   RO          191    .text.can_operation_mode_get  gd32h7xx_can.o
    0x08009b8c   0x08009b8c   0x00000004   PAD
    0x08009b90   0x08009b90   0x0000002c   Code   RO          235    .text.can_payload_size_compute  gd32h7xx_can.o
    0x08009bbc   0x08009bbc   0x00000004   PAD
    0x08009bc0   0x08009bc0   0x0000001a   Code   RO          187    .text.can_private_filter_config  gd32h7xx_can.o
    0x08009bda   0x08009bda   0x00000006   PAD
    0x08009be0   0x08009be0   0x00000046   Code   RO          221    .text.can_ram_address_get  gd32h7xx_can.o
    0x08009c26   0x08009c26   0x00000002   PAD
    0x08009c28   0x08009c28   0x00000066   Code   RO          181    .text.can_software_reset  gd32h7xx_can.o
    0x08009c8e   0x08009c8e   0x00000002   PAD
    0x08009c90   0x08009c90   0x00000226   Code   RO          185    .text.can_struct_para_init  gd32h7xx_can.o
    0x08009eb6   0x08009eb6   0x00000002   PAD
    0x08009eb8   0x08009eb8   0x000000e6   Code   RO         3625    .text.canfd_config  user_canfd.o
    0x08009f9e   0x08009f9e   0x00000002   PAD
    0x08009fa0   0x08009fa0   0x00000064   Code   RO         3629    .text.canfd_err_interuput_enble  user_canfd.o
    0x0800a004   0x0800a004   0x00000004   PAD
    0x0800a008   0x0800a008   0x0000007e   Code   RO         3623    .text.canfd_gpio_config  user_canfd.o
    0x0800a086   0x0800a086   0x00000002   PAD
    0x0800a088   0x0800a088   0x00000014   Code   RO         3631    .text.canfd_init    user_canfd.o
    0x0800a09c   0x0800a09c   0x00000004   PAD
    0x0800a0a0   0x0800a0a0   0x000000d4   Code   RO         3627    .text.canfd_mailbox_config  user_canfd.o
    0x0800a174   0x0800a174   0x00000004   PAD
    0x0800a178   0x0800a178   0x00000026   Code   RO           33    .text.delay_1ms     systick.o
    0x0800a19e   0x0800a19e   0x00000002   PAD
    0x0800a1a0   0x0800a1a0   0x00000078   Code   RO           35    .text.delay_decrement  systick.o
    0x0800a218   0x0800a218   0x000000d4   Code   RO         1264    .text.gpio_af_set   gd32h7xx_gpio.o
    0x0800a2ec   0x0800a2ec   0x00000004   PAD
    0x0800a2f0   0x0800a2f0   0x00000010   Code   RO         1248    .text.gpio_bit_reset  gd32h7xx_gpio.o
    0x0800a300   0x0800a300   0x00000010   Code   RO         1246    .text.gpio_bit_set  gd32h7xx_gpio.o
    0x0800a310   0x0800a310   0x00000160   Code   RO         1240    .text.gpio_deinit   gd32h7xx_gpio.o
    0x0800a470   0x0800a470   0x0000009c   Code   RO         1242    .text.gpio_mode_set  gd32h7xx_gpio.o
    0x0800a50c   0x0800a50c   0x00000004   PAD
    0x0800a510   0x0800a510   0x00000092   Code   RO         1244    .text.gpio_output_options_set  gd32h7xx_gpio.o
    0x0800a5a2   0x0800a5a2   0x00000006   PAD
    0x0800a5a8   0x0800a5a8   0x000000ca   Code   RO         3602    .text.main          main.o
    0x0800a672   0x0800a672   0x00000006   PAD
    0x0800a678   0x0800a678   0x000000f6   Code   RO         1946    .text.nvic_irq_enable  gd32h7xx_misc.o
    0x0800a76e   0x0800a76e   0x00000002   PAD
    0x0800a770   0x0800a770   0x0000001c   Code   RO         1944    .text.nvic_priority_group_set  gd32h7xx_misc.o
    0x0800a78c   0x0800a78c   0x00000004   PAD
    0x0800a790   0x0800a790   0x00000028   Code   RO         1950    .text.nvic_vector_table_set  gd32h7xx_misc.o
    0x0800a7b8   0x0800a7b8   0x0000007c   Code   RO         2301    .text.rcu_can_clock_config  gd32h7xx_rcu.o
    0x0800a834   0x0800a834   0x00000004   PAD
    0x0800a838   0x0800a838   0x00000c04   Code   RO         2353    .text.rcu_clock_freq_get  gd32h7xx_rcu.o
    0x0800b43c   0x0800b43c   0x00000004   PAD
    0x0800b440   0x0800b440   0x00000098   Code   RO         2285    .text.rcu_irc64mdiv_freq_get  gd32h7xx_rcu.o
    0x0800b4d8   0x0800b4d8   0x00000028   Code   RO         2217    .text.rcu_periph_clock_enable  gd32h7xx_rcu.o
    0x0800b500   0x0800b500   0x00000028   Code   RO         2227    .text.rcu_periph_reset_disable  gd32h7xx_rcu.o
    0x0800b528   0x0800b528   0x00000028   Code   RO         2225    .text.rcu_periph_reset_enable  gd32h7xx_rcu.o
    0x0800b550   0x0800b550   0x00000070   Code   RO         2355    .text.rcu_pll_clock_freq_cal  gd32h7xx_rcu.o
    0x0800b5c0   0x0800b5c0   0x00000050   Code   RO         3612    .text.sys_init      config.o
    0x0800b610   0x0800b610   0x0000017a   Code   RO           52    .text.system_clock_600m_hxtal  system_gd32h7xx.o
    0x0800b78a   0x0800b78a   0x00000006   PAD
    0x0800b790   0x0800b790   0x00000008   Code   RO           48    .text.system_clock_config  system_gd32h7xx.o
    0x0800b798   0x0800b798   0x00000032   Code   RO           27    .text.systick_config  systick.o
    0x0800b7ca   0x0800b7ca   0x00000006   PAD
    0x0800b7d0   0x0800b7d0   0x00000158   Code   RO         3350    .text.usart_baudrate_set  gd32h7xx_usart.o
    0x0800b928   0x0800b928   0x00000018   Code   RO         3384    .text.usart_data_transmit  gd32h7xx_usart.o
    0x0800b940   0x0800b940   0x000000a4   Code   RO         3657    .text.usart_debug_init  usart_debug.o
    0x0800b9e4   0x0800b9e4   0x00000004   PAD
    0x0800b9e8   0x0800b9e8   0x00000012   Code   RO         3360    .text.usart_disable  gd32h7xx_usart.o
    0x0800b9fa   0x0800b9fa   0x00000006   PAD
    0x0800ba00   0x0800ba00   0x00000012   Code   RO         3358    .text.usart_enable  gd32h7xx_usart.o
    0x0800ba12   0x0800ba12   0x00000006   PAD
    0x0800ba18   0x0800ba18   0x0000003a   Code   RO         3494    .text.usart_flag_get  gd32h7xx_usart.o
    0x0800ba52   0x0800ba52   0x00000006   PAD
    0x0800ba58   0x0800ba58   0x00000028   Code   RO         3374    .text.usart_oversample_config  gd32h7xx_usart.o
    0x0800ba80   0x0800ba80   0x00000028   Code   RO         3352    .text.usart_parity_config  gd32h7xx_usart.o
    0x0800baa8   0x0800baa8   0x00000032   Code   RO         3669    .text.usart_print   usart_debug.o
    0x0800bada   0x0800bada   0x00000006   PAD
    0x0800bae0   0x0800bae0   0x0000001e   Code   RO         3364    .text.usart_receive_config  gd32h7xx_usart.o
    0x0800bafe   0x0800bafe   0x00000002   PAD
    0x0800bb00   0x0800bb00   0x00000034   Code   RO         3659    .text.usart_send_byte  usart_debug.o
    0x0800bb34   0x0800bb34   0x00000004   PAD
    0x0800bb38   0x0800bb38   0x00000022   Code   RO         3661    .text.usart_send_string  usart_debug.o
    0x0800bb5a   0x0800bb5a   0x00000006   PAD
    0x0800bb60   0x0800bb60   0x00000028   Code   RO         3356    .text.usart_stop_bit_set  gd32h7xx_usart.o
    0x0800bb88   0x0800bb88   0x0000001e   Code   RO         3362    .text.usart_transmit_config  gd32h7xx_usart.o
    0x0800bba6   0x0800bba6   0x00000002   PAD
    0x0800bba8   0x0800bba8   0x00000028   Code   RO         3354    .text.usart_word_length_set  gd32h7xx_usart.o
    0x0800bbd0   0x0800bbd0   0x00000034   Code   RO         3691    i.__0vsnprintf      mc_w.l(printfa.o)
    0x0800bc04   0x0800bc04   0x0000000e   Code   RO         3770    i.__scatterload_copy  mc_w.l(handlers.o)
    0x0800bc12   0x0800bc12   0x00000002   Code   RO         3771    i.__scatterload_null  mc_w.l(handlers.o)
    0x0800bc14   0x0800bc14   0x0000000e   Code   RO         3772    i.__scatterload_zeroinit  mc_w.l(handlers.o)
    0x0800bc22   0x0800bc22   0x00000002   PAD
    0x0800bc24   0x0800bc24   0x00000184   Code   RO         3693    i._fp_digits        mc_w.l(printfa.o)
    0x0800bda8   0x0800bda8   0x000006dc   Code   RO         3694    i._printf_core      mc_w.l(printfa.o)
    0x0800c484   0x0800c484   0x00000024   Code   RO         3695    i._printf_post_padding  mc_w.l(printfa.o)
    0x0800c4a8   0x0800c4a8   0x0000002e   Code   RO         3696    i._printf_pre_padding  mc_w.l(printfa.o)
    0x0800c4d6   0x0800c4d6   0x00000016   Code   RO         3697    i._snputc           mc_w.l(printfa.o)
    0x0800c4ec   0x0800c4ec   0x00000010   Data   RO          301    .rodata.dlc_to_databytes  gd32h7xx_can.o
    0x0800c4fc   0x0800c4fc   0x0000006d   Data   RO         3604    .rodata.str1.1      main.o
    0x0800c569   0x0800c569   0x00000003   PAD
    0x0800c56c   0x0800c56c   0x00000020   Data   RO         3769    Region$$Table       anon$$obj.o


    Execution Region RW_IRAM1 (Exec base: 0x24000000, Load base: 0x0800c590, Size: 0x0000c0d0, Max: 0x000e0000, ABSOLUTE)

    Exec Addr    Load Addr    Size         Type   Attr      Idx    E Section Name        Object

    0x24000000   0x0800c590   0x00000004   Data   RW           54    .data.SystemCoreClock  system_gd32h7xx.o
    0x24000004   0x0800c594   0x00000004   PAD
    0x24000008        -       0x00000040   Zero   RW         3638    .bss.canfd_rx_data  user_canfd.o
    0x24000048        -       0x00000040   Zero   RW         3637    .bss.canfd_tx_data  user_canfd.o
    0x24000088        -       0x00000004   Zero   RW           37    .bss.delay          systick.o
    0x2400008c        -       0x00000002   Zero   RW         3642    .bss.fd_data_phase_rx_errcnt  user_canfd.o
    0x2400008e        -       0x00000002   Zero   RW         3641    .bss.fd_data_phase_tx_errcnt  user_canfd.o
    0x24000090        -       0x00000014   Zero   RW         3645    .bss.receive_message  user_canfd.o
    0x240000a4        -       0x00000002   Zero   RW         3640    .bss.rx_errcnt      user_canfd.o
    0x240000a6        -       0x00000002   Zero   RW         3646    .bss.s_can_busoff_count  user_canfd.o
    0x240000a8        -       0x00000002   Zero   RW         3649    .bss.s_can_err_summary_count  user_canfd.o
    0x240000aa        -       0x00000002   Zero   RW         3648    .bss.s_can_err_warning_count  user_canfd.o
    0x240000ac        -       0x00000002   Zero   RW         3647    .bss.s_can_recovery_count  user_canfd.o
    0x240000ae   0x0800c594   0x00000002   PAD
    0x240000b0        -       0x00000004   Zero   RW           38    .bss.sysTick_IRQn_cnt  systick.o
    0x240000b4        -       0x00000004   Zero   RW         3643    .bss.tdcv_reg       user_canfd.o
    0x240000b8        -       0x00000014   Zero   RW         3644    .bss.transmit_message  user_canfd.o
    0x240000cc        -       0x00000002   Zero   RW         3639    .bss.tx_errcnt      user_canfd.o
    0x240000ce   0x0800c594   0x00000002   PAD
    0x240000d0        -       0x0000c000   Zero   RW         3558    STACK               startup_gd32h7xx.o


==============================================================================

Image component sizes


      Code (inc. data)   RO Data    RW Data    ZI Data      Debug   Object Name

       302          0          0          0          0       4430   config.o
      3646         26         16          0          0      24262   gd32h7xx_can.o
       898          0          0          0          0       6078   gd32h7xx_gpio.o
        40          0          0          0          0        994   gd32h7xx_it.o
       314          0          0          0          0       4758   gd32h7xx_misc.o
      3584         54          0          0          0      28499   gd32h7xx_rcu.o
       682          0          0          0          0      17589   gd32h7xx_usart.o
       202          0        109          0          0       1998   main.o
        60         14        932          0      49152        900   startup_gd32h7xx.o
       818          0          0          4          0       3064   system_gd32h7xx.o
       356          0          0          0          8       6846   systick.o
       300          0          0          0          0       5016   usart_debug.o
      1562          0          0          0        188      12464   user_canfd.o

    ----------------------------------------------------------------------
     13012         94       1092          4      49356     116898   Object Totals
         0          0         32          0          0          0   (incl. Generated)
       248          0          3          0          8          0   (incl. Padding)

    ----------------------------------------------------------------------

      Code (inc. data)   RO Data    RW Data    ZI Data      Debug   Library Member Name

         0          0          0          0          0          0   entry.o
         0          0          0          0          0          0   entry10a.o
         0          0          0          0          0          0   entry11a.o
         8          4          0          0          0          0   entry2.o
         4          0          0          0          0          0   entry5.o
         0          0          0          0          0          0   entry7b.o
         0          0          0          0          0          0   entry8b.o
         8          4          0          0          0          0   entry9a.o
        30          0          0          0          0          0   handlers.o
        36          8          0          0          0         68   init.o
         0          0          0          0          0          0   iusefp.o
        30          0          0          0          0         68   llshl.o
        36          0          0          0          0         68   llsshr.o
        32          0          0          0          0         68   llushr.o
      2300         86          0          0          0        516   printfa.o
        44          0          0          0          0         80   uidiv.o
        98          0          0          0          0         92   uldiv.o
        48          0          0          0          0         68   cdrcmple.o
       334          0          0          0          0        148   dadd.o
       222          0          0          0          0        100   ddiv.o
       186          0          0          0          0        176   depilogue.o
        48          0          0          0          0         68   dfixul.o
       228          0          0          0          0         96   dmul.o

    ----------------------------------------------------------------------
      3700        102          0          0          0       1616   Library Totals
         8          0          0          0          0          0   (incl. Padding)

    ----------------------------------------------------------------------

      Code (inc. data)   RO Data    RW Data    ZI Data      Debug   Library Name

      2626        102          0          0          0        960   mc_w.l
      1066          0          0          0          0        656   mf_w.l

    ----------------------------------------------------------------------
      3700        102          0          0          0       1616   Library Totals

    ----------------------------------------------------------------------

==============================================================================


      Code (inc. data)   RO Data    RW Data    ZI Data      Debug   

     16712        196       1092          4      49356     117666   Grand Totals
     16712        196       1092          4      49356     117666   ELF Image Totals
     16712        196       1092          4          0          0   ROM Totals

==============================================================================

    Total RO  Size (Code + RO Data)                17804 (  17.39kB)
    Total RW  Size (RW Data + ZI Data)             49360 (  48.20kB)
    Total ROM Size (Code + RO Data + RW Data)      17808 (  17.39kB)

==============================================================================

